Component: ARM Compiler 5.05 update 2 (build 169) Tool: armlink [4d0f33]

==============================================================================

Section Cross References

    system_stm32f4xx.o(i.SystemCoreClockUpdate) refers to system_stm32f4xx.o(.data) for .data
    system_stm32f4xx.o(i.SystemInit) refers to system_stm32f4xx.o(i.SetSysClock) for SetSysClock
    stm32f4_discovery.o(i.SD_LowLevel_DMA_RxConfig) refers to stm32f4xx_dma.o(i.DMA_ClearFlag) for DMA_ClearFlag
    stm32f4_discovery.o(i.SD_LowLevel_DMA_RxConfig) refers to stm32f4xx_dma.o(i.DMA_Cmd) for DMA_Cmd
    stm32f4_discovery.o(i.SD_LowLevel_DMA_RxConfig) refers to stm32f4xx_dma.o(i.DMA_DeInit) for DMA_DeInit
    stm32f4_discovery.o(i.SD_LowLevel_DMA_RxConfig) refers to stm32f4xx_dma.o(i.DMA_Init) for DMA_Init
    stm32f4_discovery.o(i.SD_LowLevel_DMA_RxConfig) refers to stm32f4xx_dma.o(i.DMA_ITConfig) for DMA_ITConfig
    stm32f4_discovery.o(i.SD_LowLevel_DMA_RxConfig) refers to stm32f4xx_dma.o(i.DMA_FlowControllerConfig) for DMA_FlowControllerConfig
    stm32f4_discovery.o(i.SD_LowLevel_DMA_TxConfig) refers to stm32f4xx_dma.o(i.DMA_ClearFlag) for DMA_ClearFlag
    stm32f4_discovery.o(i.SD_LowLevel_DMA_TxConfig) refers to stm32f4xx_dma.o(i.DMA_Cmd) for DMA_Cmd
    stm32f4_discovery.o(i.SD_LowLevel_DMA_TxConfig) refers to stm32f4xx_dma.o(i.DMA_DeInit) for DMA_DeInit
    stm32f4_discovery.o(i.SD_LowLevel_DMA_TxConfig) refers to stm32f4xx_dma.o(i.DMA_Init) for DMA_Init
    stm32f4_discovery.o(i.SD_LowLevel_DMA_TxConfig) refers to stm32f4xx_dma.o(i.DMA_ITConfig) for DMA_ITConfig
    stm32f4_discovery.o(i.SD_LowLevel_DMA_TxConfig) refers to stm32f4xx_dma.o(i.DMA_FlowControllerConfig) for DMA_FlowControllerConfig
    stm32f4_discovery.o(i.SD_LowLevel_DeInit) refers to stm32f4xx_sdio.o(i.SDIO_ClockCmd) for SDIO_ClockCmd
    stm32f4_discovery.o(i.SD_LowLevel_DeInit) refers to stm32f4xx_sdio.o(i.SDIO_SetPowerState) for SDIO_SetPowerState
    stm32f4_discovery.o(i.SD_LowLevel_DeInit) refers to stm32f4xx_sdio.o(i.SDIO_DeInit) for SDIO_DeInit
    stm32f4_discovery.o(i.SD_LowLevel_DeInit) refers to stm32f4xx_rcc.o(i.RCC_APB2PeriphClockCmd) for RCC_APB2PeriphClockCmd
    stm32f4_discovery.o(i.SD_LowLevel_DeInit) refers to stm32f4xx_gpio.o(i.GPIO_PinAFConfig) for GPIO_PinAFConfig
    stm32f4_discovery.o(i.SD_LowLevel_DeInit) refers to stm32f4xx_gpio.o(i.GPIO_Init) for GPIO_Init
    stm32f4_discovery.o(i.SD_LowLevel_Init) refers to stm32f4xx_rcc.o(i.RCC_AHB1PeriphClockCmd) for RCC_AHB1PeriphClockCmd
    stm32f4_discovery.o(i.SD_LowLevel_Init) refers to stm32f4xx_gpio.o(i.GPIO_PinAFConfig) for GPIO_PinAFConfig
    stm32f4_discovery.o(i.SD_LowLevel_Init) refers to stm32f4xx_gpio.o(i.GPIO_Init) for GPIO_Init
    stm32f4_discovery.o(i.SD_LowLevel_Init) refers to stm32f4xx_rcc.o(i.RCC_APB2PeriphClockCmd) for RCC_APB2PeriphClockCmd
    stm32f4_discovery.o(i.STM_EVAL_COMInit) refers to stm32f4xx_rcc.o(i.RCC_AHB1PeriphClockCmd) for RCC_AHB1PeriphClockCmd
    stm32f4_discovery.o(i.STM_EVAL_COMInit) refers to stm32f4xx_rcc.o(i.RCC_APB1PeriphClockCmd) for RCC_APB1PeriphClockCmd
    stm32f4_discovery.o(i.STM_EVAL_COMInit) refers to stm32f4xx_gpio.o(i.GPIO_PinAFConfig) for GPIO_PinAFConfig
    stm32f4_discovery.o(i.STM_EVAL_COMInit) refers to stm32f4xx_gpio.o(i.GPIO_Init) for GPIO_Init
    stm32f4_discovery.o(i.STM_EVAL_COMInit) refers to stm32f4xx_usart.o(i.USART_Init) for USART_Init
    stm32f4_discovery.o(i.STM_EVAL_COMInit) refers to stm32f4xx_usart.o(i.USART_Cmd) for USART_Cmd
    stm32f4_discovery.o(i.STM_EVAL_COMInit) refers to stm32f4_discovery.o(.constdata) for .constdata
    stm32f4_discovery.o(i.STM_EVAL_COMInit) refers to stm32f4_discovery.o(.data) for .data
    stm32f4_discovery.o(i.STM_EVAL_LEDInit) refers to stm32f4xx_rcc.o(i.RCC_AHB1PeriphClockCmd) for RCC_AHB1PeriphClockCmd
    stm32f4_discovery.o(i.STM_EVAL_LEDInit) refers to stm32f4xx_gpio.o(i.GPIO_Init) for GPIO_Init
    stm32f4_discovery.o(i.STM_EVAL_LEDInit) refers to stm32f4_discovery.o(.constdata) for .constdata
    stm32f4_discovery.o(i.STM_EVAL_LEDInit) refers to stm32f4_discovery.o(.data) for .data
    stm32f4_discovery.o(i.STM_EVAL_LEDOff) refers to stm32f4_discovery.o(.constdata) for .constdata
    stm32f4_discovery.o(i.STM_EVAL_LEDOff) refers to stm32f4_discovery.o(.data) for .data
    stm32f4_discovery.o(i.STM_EVAL_LEDOn) refers to stm32f4_discovery.o(.constdata) for .constdata
    stm32f4_discovery.o(i.STM_EVAL_LEDOn) refers to stm32f4_discovery.o(.data) for .data
    stm32f4_discovery.o(i.STM_EVAL_LEDToggle) refers to stm32f4_discovery.o(.data) for .data
    stm32f4_discovery.o(i.STM_EVAL_LEDToggle) refers to stm32f4_discovery.o(.constdata) for .constdata
    stm32f4_discovery.o(i.STM_EVAL_PBGetState) refers to stm32f4xx_gpio.o(i.GPIO_ReadInputDataBit) for GPIO_ReadInputDataBit
    stm32f4_discovery.o(i.STM_EVAL_PBGetState) refers to stm32f4_discovery.o(.constdata) for .constdata
    stm32f4_discovery.o(i.STM_EVAL_PBGetState) refers to stm32f4_discovery.o(.data) for .data
[...]
    i.USART_ReceiveData                      0x08002560   Section        0  stm32f4xx_usart.o(i.USART_ReceiveData)
    i.USART_SendData                         0x08002568   Section        0  stm32f4xx_usart.o(i.USART_SendData)
    i.USART_puts                             0x08002570   Section        0  main.o(i.USART_puts)
    i.USBD_ClrCfg                            0x08002582   Section        0  usbd_core.o(i.USBD_ClrCfg)
    i.USBD_CtlContinueRx                     0x08002590   Section        0  usbd_ioreq.o(i.USBD_CtlContinueRx)
    i.USBD_CtlContinueSendData               0x080025a2   Section        0  usbd_ioreq.o(i.USBD_CtlContinueSendData)
    i.USBD_CtlError                          0x080025b4   Section        0  usbd_req.o(i.USBD_CtlError)
    i.USBD_CtlReceiveStatus                  0x080025d0   Section        0  usbd_ioreq.o(i.USBD_CtlReceiveStatus)
    i.USBD_CtlSendData                       0x080025f2   Section        0  usbd_ioreq.o(i.USBD_CtlSendData)
    i.USBD_CtlSendStatus                     0x08002612   Section        0  usbd_ioreq.o(i.USBD_CtlSendStatus)
    i.USBD_DataInStage                       0x08002634   Section        0  usbd_core.o(i.USBD_DataInStage)
    USBD_DataInStage                         0x08002635   Thumb Code   172  usbd_core.o(i.USBD_DataInStage)
    i.USBD_DataOutStage                      0x080026e4   Section        0  usbd_core.o(i.USBD_DataOutStage)
    USBD_DataOutStage                        0x080026e5   Thumb Code   120  usbd_core.o(i.USBD_DataOutStage)
    i.USBD_DevConnected                      0x0800275c   Section        0  usbd_core.o(i.USBD_DevConnected)
    USBD_DevConnected                        0x0800275d   Thumb Code    22  usbd_core.o(i.USBD_DevConnected)
    i.USBD_DevDisconnected                   0x08002772   Section        0  usbd_core.o(i.USBD_DevDisconnected)
    USBD_DevDisconnected                     0x08002773   Thumb Code    32  usbd_core.o(i.USBD_DevDisconnected)
    i.USBD_GetDescriptor                     0x08002792   Section        0  usbd_req.o(i.USBD_GetDescriptor)
    USBD_GetDescriptor                       0x08002793   Thumb Code   206  usbd_req.o(i.USBD_GetDescriptor)
    i.USBD_IsoINIncomplete                   0x08002860   Section        0  usbd_core.o(i.USBD_IsoINIncomplete)
    USBD_IsoINIncomplete                     0x08002861   Thumb Code    14  usbd_core.o(i.USBD_IsoINIncomplete)
    i.USBD_IsoOUTIncomplete                  0x0800286e   Section        0  usbd_core.o(i.USBD_IsoOUTIncomplete)
    USBD_IsoOUTIncomplete                    0x0800286f   Thumb Code    14  usbd_core.o(i.USBD_IsoOUTIncomplete)
    i.USBD_OTG_ISR_Handler                   0x0800287c   Section        0  usb_dcd_int.o(i.USBD_OTG_ISR_Handler)
    i.USBD_ParseSetupRequest                 0x080029f4   Section        0  usbd_req.o(i.USBD_ParseSetupRequest)
    i.USBD_Reset                             0x08002a38   Section        0  usbd_core.o(i.USBD_Reset)
    USBD_Reset                               0x08002a39   Thumb Code    46  usbd_core.o(i.USBD_Reset)
    i.USBD_Resume                            0x08002a66   Section        0  usbd_core.o(i.USBD_Resume)
    USBD_Resume                              0x08002a67   Thumb Code    22  usbd_core.o(i.USBD_Resume)
    i.USBD_SOF                               0x08002a7c   Section        0  usbd_core.o(i.USBD_SOF)
    USBD_SOF                                 0x08002a7d   Thumb Code    16  usbd_core.o(i.USBD_SOF)
    i.USBD_SetCfg                            0x08002a8c   Section        0  usbd_core.o(i.USBD_SetCfg)
    i.USBD_SetConfig                         0x08002aa8   Section        0  usbd_req.o(i.USBD_SetConfig)
    USBD_SetConfig                           0x08002aa9   Thumb Code   112  usbd_req.o(i.USBD_SetConfig)
    i.USBD_SetFeature                        0x08002b1c   Section        0  usbd_req.o(i.USBD_SetFeature)
    USBD_SetFeature                          0x08002b1d   Thumb Code   118  usbd_req.o(i.USBD_SetFeature)
    i.USBD_SetupStage                        0x08002b98   Section        0  usbd_core.o(i.USBD_SetupStage)
    USBD_SetupStage                          0x08002b99   Thumb Code    72  usbd_core.o(i.USBD_SetupStage)
    i.USBD_StdDevReq                         0x08002be0   Section        0  usbd_req.o(i.USBD_StdDevReq)
    i.USBD_StdEPReq                          0x08002cd0   Section        0  usbd_req.o(i.USBD_StdEPReq)
    i.USBD_StdItfReq                         0x08002da4   Section        0  usbd_req.o(i.USBD_StdItfReq)
    i.USBD_Suspend                           0x08002dda   Section        0  usbd_core.o(i.USBD_Suspend)
    USBD_Suspend                             0x08002ddb   Thumb Code    28  usbd_core.o(i.USBD_Suspend)
    i.USB_OTG_BSP_uDelay                     0x08002df6   Section        0  usb_bsp.o(i.USB_OTG_BSP_uDelay)
    i.USB_OTG_EP0Activate                    0x08002e0c   Section        0  usb_core.o(i.USB_OTG_EP0Activate)
    i.USB_OTG_EP0StartXfer                   0x08002e48   Section        0  usb_core.o(i.USB_OTG_EP0StartXfer)
    i.USB_OTG_EP0_OutStart                   0x08002f00   Section        0  usb_core.o(i.USB_OTG_EP0_OutStart)
    i.USB_OTG_EPActivate                     0x08002f24   Section        0  usb_core.o(i.USB_OTG_EPActivate)
    i.USB_OTG_EPClearStall                   0x08002f76   Section        0  usb_core.o(i.USB_OTG_EPClearStall)
    i.USB_OTG_EPSetStall                     0x08002fa8   Section        0  usb_core.o(i.USB_OTG_EPSetStall)
    i.USB_OTG_EPStartXfer                    0x08002fd8   Section        0  usb_core.o(i.USB_OTG_EPStartXfer)
    i.USB_OTG_FlushTxFifo                    0x080030f8   Section        0  usb_core.o(i.USB_OTG_FlushTxFifo)
    i.USB_OTG_GetDeviceSpeed                 0x08003138   Section        0  usb_core.o(i.USB_OTG_GetDeviceSpeed)
    i.USB_OTG_IsDeviceMode                   0x0800315e   Section        0  usb_core.o(i.USB_OTG_IsDeviceMode)
    i.USB_OTG_ReadCoreItr                    0x08003170   Section        0  usb_core.o(i.USB_OTG_ReadCoreItr)
    i.USB_OTG_ReadDevAllInEPItr              0x0800317a   Section        0  usb_core.o(i.USB_OTG_ReadDevAllInEPItr)
    i.USB_OTG_ReadDevAllOutEp_itr            0x08003186   Section        0  usb_core.o(i.USB_OTG_ReadDevAllOutEp_itr)
    i.USB_OTG_ReadDevOutEP_itr               0x08003192   Section        0  usb_core.o(i.USB_OTG_ReadDevOutEP_itr)
    i.USB_OTG_ReadPacket                     0x080031a2   Section        0  usb_core.o(i.USB_OTG_ReadPacket)
    i.USB_OTG_UngateClock                    0x080031c2   Section        0  usb_core.o(i.USB_OTG_UngateClock)
    i.USB_OTG_WritePacket                    0x080031e0   Section        0  usb_core.o(i.USB_OTG_WritePacket)
    i.UsageFault_Handler                     0x08003208   Section        0  stm32fxxx_it.o(i.UsageFault_Handler)
    i.VCP_DataTx                             0x0800320c   Section        0  usbd_cdc_vcp.o(i.VCP_DataTx)
    VCP_DataTx                               0x0800320d   Thumb Code    46  usbd_cdc_vcp.o(i.VCP_DataTx)
    i.__0printf                              0x08003248   Section        0  printfa.o(i.__0printf)
    i.__ARM_fpclassify                       0x08003268   Section        0  fpclassify.o(i.__ARM_fpclassify)
    i.__hardfp_acos                          0x08003298   Section        0  acos.o(i.__hardfp_acos)
    i.__hardfp_exp                           0x080035f0   Section        0  exp.o(i.__hardfp_exp)
    i.__hardfp_pow                           0x08003948   Section        0  pow.o(i.__hardfp_pow)
    i.__kernel_poly                          0x08004580   Section        0  poly.o(i.__kernel_poly)
    i.__mathlib_dbl_divzero                  0x08004678   Section        0  dunder.o(i.__mathlib_dbl_divzero)
    i.__mathlib_dbl_infnan                   0x080046a8   Section        0  dunder.o(i.__mathlib_dbl_infnan)
    i.__mathlib_dbl_infnan2                  0x080046bc   Section        0  dunder.o(i.__mathlib_dbl_infnan2)
    i.__mathlib_dbl_invalid                  0x080046d0   Section        0  dunder.o(i.__mathlib_dbl_invalid)
    i.__mathlib_dbl_overflow                 0x080046f0   Section        0  dunder.o(i.__mathlib_dbl_overflow)
    i.__mathlib_dbl_underflow                0x08004710   Section        0  dunder.o(i.__mathlib_dbl_underflow)
    i.__scatterload_copy                     0x08004730   Section       14  handlers.o(i.__scatterload_copy)
    i.__scatterload_null                     0x0800473e   Section        2  handlers.o(i.__scatterload_null)
    i.__scatterload_zeroinit                 0x08004740   Section       14  handlers.o(i.__scatterload_zeroinit)
    i.__set_errno                            0x08004750   Section        0  errno.o(i.__set_errno)
    i._fp_digits                             0x0800475c   Section        0  printfa.o(i._fp_digits)
    _fp_digits                               0x0800475d   Thumb Code   334  printfa.o(i._fp_digits)
    i._printf_core                           0x080048c0   Section        0  printfa.o(i._printf_core)
    _printf_core                             0x080048c1   Thumb Code  1744  printfa.o(i._printf_core)
    i._printf_post_padding                   0x08004f9c   Section        0  printfa.o(i._printf_post_padding)
    _printf_post_padding                     0x08004f9d   Thumb Code    36  printfa.o(i._printf_post_padding)
    i._printf_pre_padding                    0x08004fc0   Section        0  printfa.o(i._printf_pre_padding)
    _printf_pre_padding                      0x08004fc1   Thumb Code    46  printfa.o(i._printf_pre_padding)
    i.adc_config                             0x08004ff0   Section        0  main.o(i.adc_config)
    i.add239                                 0x08005140   Section        0  helperfunctions.o(i.add239)
    i.fabs                                   0x08005146   Section        0  fabs.o(i.fabs)
    i.flush                                  0x08005160   Section        0  main.o(i.flush)
    i.fputc                                  0x080051a8   Section        0  helperfunctions.o(i.fputc)
    i.gaussianKernel                         0x080051c4   Section        0  helperfunctions.o(i.gaussianKernel)
    i.getExtiFlag                            0x08005234   Section        0  cc1101.o(i.getExtiFlag)
    i.halRfReceivePacket                     0x08005240   Section        0  cc1101.o(i.halRfReceivePacket)
    i.halRfSendPacket                        0x0800529c   Section        0  cc1101.o(i.halRfSendPacket)
    i.halRfWriteRfSettings                   0x080052ec   Section        0  cc1101.o(i.halRfWriteRfSettings)
    i.halSpiReadBurstReg                     0x08005454   Section        0  cc1101.o(i.halSpiReadBurstReg)
    i.halSpiReadStatus                       0x080054ac   Section        0  cc1101.o(i.halSpiReadStatus)
    i.halSpiStrobe                           0x080054f0   Section        0  cc1101.o(i.halSpiStrobe)
    i.halSpiWriteBurstReg                    0x08005544   Section        0  cc1101.o(i.halSpiWriteBurstReg)
    i.halSpiWriteReg                         0x080055d4   Section        0  cc1101.o(i.halSpiWriteReg)
    i.init_USART2                            0x08005638   Section        0  main.o(i.init_USART2)
    i.main                                   0x080056e4   Section        0  main.o(i.main)
    i.printArray                             0x08005870   Section        0  helperfunctions.o(i.printArray)
    i.sqrt                                   0x080058b0   Section        0  sqrt.o(i.sqrt)
    i.svmPredict                             0x08005920   Section        0  helperfunctions.o(i.svmPredict)
    .constdata                               0x08005b64   Section       56  stm32f4_discovery.o(.constdata)
    .constdata                               0x08005ba0   Section      352  main.o(.constdata)
    .constdata                               0x08005d00   Section      224  helperfunctions.o(.constdata)
    .constdata                               0x08005de0   Section       80  acos.o(.constdata)
    pS                                       0x08005de0   Data          48  acos.o(.constdata)
    qS                                       0x08005e10   Data          32  acos.o(.constdata)
    .constdata                               0x08005e30   Section       88  exp.o(.constdata)
    halF                                     0x08005e30   Data          16  exp.o(.constdata)
    ln2HI                                    0x08005e40   Data          16  exp.o(.constdata)
    ln2LO                                    0x08005e50   Data          16  exp.o(.constdata)
    P                                        0x08005e60   Data          40  exp.o(.constdata)
    .constdata                               0x08005e88   Section      136  pow.o(.constdata)
    bp                                       0x08005e88   Data          16  pow.o(.constdata)
    dp_h                                     0x08005e98   Data          16  pow.o(.constdata)
    dp_l                                     0x08005ea8   Data          16  pow.o(.constdata)
    L                                        0x08005eb8   Data          48  pow.o(.constdata)
    P                                        0x08005ee8   Data          40  pow.o(.constdata)
    .constdata                               0x08005f10   Section        8  qnan.o(.constdata)
    .data                                    0x20000000   Section       32  stm32f4_discovery.o(.data)
    .data                                    0x20000020   Section      224  main.o(.data)
    .data                                    0x20000100   Section       20  cc1101.o(.data)
    i                                        0x20000108   Data           4  cc1101.o(.data)
    .data                                    0x20000118   Section      672  helperfunctions.o(.data)
    .data                                    0x200003b8   Section        4  helperfunctions.o(.data)
    .data                                    0x200003bc   Section       16  stm32f4xx_rcc.o(.data)
    APBAHBPrescTable                         0x200003bc   Data          16  stm32f4xx_rcc.o(.data)
    .data                                    0x200003cc   Section       44  usbd_core.o(.data)
    .data                                    0x200003f8   Section        4  usbd_core.o(.data)
    .data                                    0x200003fc   Section        4  usbd_core.o(.data)
    .data                                    0x20000400   Section       16  usbd_req.o(.data)
    cfgidx                                   0x20000400   Data           1  usbd_req.o(.data)
    .data                                    0x20000410   Section      107  usbd_cdc_core.o(.data)
    usbd_cdc_AltSet                          0x20000414   Data           4  usbd_cdc_core.o(.data)
    cdcCmd                                   0x20000424   Data           4  usbd_cdc_core.o(.data)
    cdcLen                                   0x20000428   Data           4  usbd_cdc_core.o(.data)
    FrameCount                               0x2000042c   Data           4  usbd_cdc_core.o(.data)
    .data                                    0x2000047c   Section        8  usbd_cdc_vcp.o(.data)
    .data                                    0x20000484   Section        4  errno.o(.data)
    _errno                                   0x20000484   Data           4  errno.o(.data)
    .bss                                     0x20000488   Section     7840  main.o(.bss)
    testOutput                               0x200021e8   Data         320  main.o(.bss)
    .bss                                     0x20002328   Section     1524  main.o(.bss)
    .bss                                     0x2000291c   Section        9  cc1101.o(.bss)
    .bss                                     0x20002925   Section     2112  usbd_cdc_core.o(.bss)
    STACK                                    0x20003168   Section     1024  startup_stm32f4xx.o(STACK)

    Global Symbols

    Symbol Name                              Value     Ov Type        Size  Object(Section)

    BuildAttributes$$THM_ISAv4$E$P$D$K$B$S$7EM$VFPi3$EXTD16$VFPS$VFMA$PE$A:L22UL41UL21$X:L11$S22US41US21$IEEE1$IW$USESV6$~STKCKD$USESV7$~SHL$OTIME$ROPI$IEEEX$EBA8$MICROLIB$REQ8$PRES8$EABIv2 0x00000000   Number         0  anon$$obj.o ABSOLUTE
    __ARM_use_no_argv                        0x00000000   Number         0  main.o ABSOLUTE
    _printf_a                                0x00000000   Number         0  stubs.o ABSOLUTE
    _printf_c                                0x00000000   Number         0  stubs.o ABSOLUTE
    _printf_charcount                        0x00000000   Number         0  stubs.o ABSOLUTE
    _printf_d                                0x00000000   Number         0  stubs.o ABSOLUTE
    _printf_e                                0x00000000   Number         0  stubs.o ABSOLUTE
    _printf_f                                0x00000000   Number         0  stubs.o ABSOLUTE
    _printf_flags                            0x00000000   Number         0  stubs.o ABSOLUTE
    _printf_fp_dec                           0x00000000   Number         0  stubs.o ABSOLUTE
    _printf_fp_hex                           0x00000000   Number         0  stubs.o ABSOLUTE
    _printf_g                                0x00000000   Number         0  stubs.o ABSOLUTE
    _printf_i                                0x00000000   Number         0  stubs.o ABSOLUTE
    _printf_int_dec                          0x00000000   Number         0  stubs.o ABSOLUTE
    _printf_l                                0x00000000   Number         0  stubs.o ABSOLUTE
    _printf_lc                               0x00000000   Number         0  stubs.o ABSOLUTE
    _printf_ll                               0x00000000   Number         0  stubs.o ABSOLUTE
    _printf_lld                              0x00000000   Number         0  stubs.o ABSOLUTE
    _printf_lli                              0x00000000   Number         0  stubs.o ABSOLUTE
    _printf_llo                              0x00000000   Number         0  stubs.o ABSOLUTE
    _printf_llu                              0x00000000   Number         0  stubs.o ABSOLUTE
    _printf_llx                              0x00000000   Number         0  stubs.o ABSOLUTE
    _printf_longlong_dec                     0x00000000   Number         0  stubs.o ABSOLUTE
    _printf_longlong_hex                     0x00000000   Number         0  stubs.o ABSOLUTE
    _printf_longlong_oct                     0x00000000   Number         0  stubs.o ABSOLUTE
    _printf_ls                               0x00000000   Number         0  stubs.o ABSOLUTE
    _printf_mbtowc                           0x00000000   Number         0  stubs.o ABSOLUTE
    _printf_n                                0x00000000   Number         0  stubs.o ABSOLUTE
    _printf_o                                0x00000000   Number         0  stubs.o ABSOLUTE
    _printf_p                                0x00000000   Number         0  stubs.o ABSOLUTE
    _printf_percent                          0x00000000   Number         0  stubs.o ABSOLUTE
    _printf_pre_padding                      0x00000000   Number         0  stubs.o ABSOLUTE
    _printf_return_value                     0x00000000   Number         0  stubs.o ABSOLUTE
    _printf_s                                0x00000000   Number         0  stubs.o ABSOLUTE
    _printf_sizespec                         0x00000000   Number         0  stubs.o ABSOLUTE
    _printf_str                              0x00000000   Number         0  stubs.o ABSOLUTE
    _printf_truncate_signed                  0x00000000   Number         0  stubs.o ABSOLUTE
    _printf_truncate_unsigned                0x00000000   Number         0  stubs.o ABSOLUTE
    _printf_u                                0x00000000   Number         0  stubs.o ABSOLUTE
    _printf_wc                               0x00000000   Number         0  stubs.o ABSOLUTE
    _printf_wctomb                           0x00000000   Number         0  stubs.o ABSOLUTE
    _printf_widthprec                        0x00000000   Number         0  stubs.o ABSOLUTE
    _printf_x                                0x00000000   Number         0  stubs.o ABSOLUTE
    __cpp_initialize__aeabi_                  - Undefined Weak Reference
    __cxa_finalize                            - Undefined Weak Reference
    _clock_init                               - Undefined Weak Reference
    _microlib_exit                            - Undefined Weak Reference
    __Vectors_Size                           0x00000188   Number         0  startup_stm32f4xx.o ABSOLUTE
    __Vectors                                0x08000000   Data           4  startup_stm32f4xx.o(RESET)
    __Vectors_End                            0x08000188   Data           0  startup_stm32f4xx.o(RESET)
    __main                                   0x08000189   Thumb Code     0  entry.o(.ARM.Collect$$$$00000000)
    _main_stk                                0x08000189   Thumb Code     0  entry2.o(.ARM.Collect$$$$00000001)
    _main_scatterload                        0x0800018d   Thumb Code     0  entry5.o(.ARM.Collect$$$$00000004)
    __main_after_scatterload                 0x08000191   Thumb Code     0  entry5.o(.ARM.Collect$$$$00000004)
    _main_clock                              0x08000191   Thumb Code     0  entry7b.o(.ARM.Collect$$$$00000008)
    _main_cpp_init                           0x08000191   Thumb Code     0  entry8b.o(.ARM.Collect$$$$0000000A)
    _main_init                               0x08000191   Thumb Code     0  entry9a.o(.ARM.Collect$$$$0000000B)
    __rt_final_cpp                           0x08000199   Thumb Code     0  entry10a.o(.ARM.Collect$$$$0000000D)
    __rt_final_exit                          0x08000199   Thumb Code     0  entry11a.o(.ARM.Collect$$$$0000000F)
    Reset_Handler                            0x0800019d   Thumb Code    18  startup_stm32f4xx.o(.text)
    ADC_IRQHandler                           0x080001c3   Thumb Code     0  startup_stm32f4xx.o(.text)
    CAN1_RX0_IRQHandler                      0x080001c3   Thumb Code     0  startup_stm32f4xx.o(.text)
    CAN1_RX1_IRQHandler                      0x080001c3   Thumb Code     0  startup_stm32f4xx.o(.text)
    CAN1_SCE_IRQHandler                      0x080001c3   Thumb Code     0  startup_stm32f4xx.o(.text)
    CAN1_TX_IRQHandler                       0x080001c3   Thumb Code     0  startup_stm32f4xx.o(.text)
    CAN2_RX0_IRQHandler                      0x080001c3   Thumb Code     0  startup_stm32f4xx.o(.text)
    CAN2_RX1_IRQHandler                      0x080001c3   Thumb Code     0  startup_stm32f4xx.o(.text)
    CAN2_SCE_IRQHandler                      0x080001c3   Thumb Code     0  startup_stm32f4xx.o(.text)
    CAN2_TX_IRQHandler                       0x080001c3   Thumb Code     0  startup_stm32f4xx.o(.text)
    CRYP_IRQHandler                          0x080001c3   Thumb Code     0  startup_stm32f4xx.o(.text)
    DCMI_IRQHandler                          0x080001c3   Thumb Code     0  startup_stm32f4xx.o(.text)
    DMA1_Stream0_IRQHandler                  0x080001c3   Thumb Code     0  startup_stm32f4xx.o(.text)
    DMA1_Stream1_IRQHandler                  0x080001c3   Thumb Code     0  startup_stm32f4xx.o(.text)
    DMA1_Stream2_IRQHandler                  0x080001c3   Thumb Code     0  startup_stm32f4xx.o(.text)
    DMA1_Stream3_IRQHandler                  0x080001c3   Thumb Code     0  startup_stm32f4xx.o(.text)
    DMA1_Stream4_IRQHandler                  0x080001c3   Thumb Code     0  startup_stm32f4xx.o(.text)
    DMA1_Stream5_IRQHandler                  0x080001c3   Thumb Code     0  startup_stm32f4xx.o(.text)
    DMA1_Stream6_IRQHandler                  0x080001c3   Thumb Code     0  startup_stm32f4xx.o(.text)
    DMA1_Stream7_IRQHandler                  0x080001c3   Thumb Code     0  startup_stm32f4xx.o(.text)
    DMA2_Stream0_IRQHandler                  0x080001c3   Thumb Code     0  startup_stm32f4xx.o(.text)
    DMA2_Stream1_IRQHandler                  0x080001c3   Thumb Code     0  startup_stm32f4xx.o(.text)
    DMA2_Stream2_IRQHandler                  0x080001c3   Thumb Code     0  startup_stm32f4xx.o(.text)
    DMA2_Stream3_IRQHandler                  0x080001c3   Thumb Code     0  startup_stm32f4xx.o(.text)
    DMA2_Stream4_IRQHandler                  0x080001c3   Thumb Code     0  startup_stm32f4xx.o(.text)
    DMA2_Stream5_IRQHandler                  0x080001c3   Thumb Code     0  startup_stm32f4xx.o(.text)
    DMA2_Stream6_IRQHandler                  0x080001c3   Thumb Code     0  startup_stm32f4xx.o(.text)
    DMA2_Stream7_IRQHandler                  0x080001c3   Thumb Code     0  startup_stm32f4xx.o(.text)
    ETH_IRQHandler                           0x080001c3   Thumb Code     0  startup_stm32f4xx.o(.text)
    ETH_WKUP_IRQHandler                      0x080001c3   Thumb Code     0  startup_stm32f4xx.o(.text)
    EXTI0_IRQHandler                         0x080001c3   Thumb Code     0  startup_stm32f4xx.o(.text)
    EXTI1_IRQHandler                         0x080001c3   Thumb Code     0  startup_stm32f4xx.o(.text)
    EXTI2_IRQHandler                         0x080001c3   Thumb Code     0  startup_stm32f4xx.o(.text)
    EXTI3_IRQHandler                         0x080001c3   Thumb Code     0  startup_stm32f4xx.o(.text)
    EXTI4_IRQHandler                         0x080001c3   Thumb Code     0  startup_stm32f4xx.o(.text)
    EXTI9_5_IRQHandler                       0x080001c3   Thumb Code     0  startup_stm32f4xx.o(.text)
    FLASH_IRQHandler                         0x080001c3   Thumb Code     0  startup_stm32f4xx.o(.text)
    FPU_IRQHandler                           0x080001c3   Thumb Code     0  startup_stm32f4xx.o(.text)
    FSMC_IRQHandler                          0x080001c3   Thumb Code     0  startup_stm32f4xx.o(.text)
    HASH_RNG_IRQHandler                      0x080001c3   Thumb Code     0  startup_stm32f4xx.o(.text)
    I2C1_ER_IRQHandler                       0x080001c3   Thumb Code     0  startup_stm32f4xx.o(.text)
    I2C1_EV_IRQHandler                       0x080001c3   Thumb Code     0  startup_stm32f4xx.o(.text)
    I2C2_ER_IRQHandler                       0x080001c3   Thumb Code     0  startup_stm32f4xx.o(.text)
    I2C2_EV_IRQHandler                       0x080001c3   Thumb Code     0  startup_stm32f4xx.o(.text)
    I2C3_ER_IRQHandler                       0x080001c3   Thumb Code     0  startup_stm32f4xx.o(.text)
    I2C3_EV_IRQHandler                       0x080001c3   Thumb Code     0  startup_stm32f4xx.o(.text)
    OTG_HS_EP1_IN_IRQHandler                 0x080001c3   Thumb Code     0  startup_stm32f4xx.o(.text)
    OTG_HS_EP1_OUT_IRQHandler                0x080001c3   Thumb Code     0  startup_stm32f4xx.o(.text)
    OTG_HS_IRQHandler                        0x080001c3   Thumb Code     0  startup_stm32f4xx.o(.text)
    OTG_HS_WKUP_IRQHandler                   0x080001c3   Thumb Code     0  startup_stm32f4xx.o(.text)
    PVD_IRQHandler                           0x080001c3   Thumb Code     0  startup_stm32f4xx.o(.text)
    RCC_IRQHandler                           0x080001c3   Thumb Code     0  startup_stm32f4xx.o(.text)
    RTC_Alarm_IRQHandler                     0x080001c3   Thumb Code     0  startup_stm32f4xx.o(.text)
    RTC_WKUP_IRQHandler                      0x080001c3   Thumb Code     0  startup_stm32f4xx.o(.text)
    SDIO_IRQHandler                          0x080001c3   Thumb Code     0  startup_stm32f4xx.o(.text)
    SPI1_IRQHandler                          0x080001c3   Thumb Code     0  startup_stm32f4xx.o(.text)
    SPI2_IRQHandler                          0x080001c3   Thumb Code     0  startup_stm32f4xx.o(.text)
    SPI3_IRQHandler                          0x080001c3   Thumb Code     0  startup_stm32f4xx.o(.text)
    TAMP_STAMP_IRQHandler                    0x080001c3   Thumb Code     0  startup_stm32f4xx.o(.text)
    TIM1_BRK_TIM9_IRQHandler                 0x080001c3   Thumb Code     0  startup_stm32f4xx.o(.text)
    TIM1_CC_IRQHandler                       0x080001c3   Thumb Code     0  startup_stm32f4xx.o(.text)
    TIM1_TRG_COM_TIM11_IRQHandler            0x080001c3   Thumb Code     0  startup_stm32f4xx.o(.text)
    TIM1_UP_TIM10_IRQHandler                 0x080001c3   Thumb Code     0  startup_stm32f4xx.o(.text)
    TIM2_IRQHandler                          0x080001c3   Thumb Code     0  startup_stm32f4xx.o(.text)
    TIM4_IRQHandler                          0x080001c3   Thumb Code     0  startup_stm32f4xx.o(.text)
    TIM5_IRQHandler                          0x080001c3   Thumb Code     0  startup_stm32f4xx.o(.text)
    TIM6_DAC_IRQHandler                      0x080001c3   Thumb Code     0  startup_stm32f4xx.o(.text)
    TIM7_IRQHandler                          0x080001c3   Thumb Code     0  startup_stm32f4xx.o(.text)
    TIM8_BRK_TIM12_IRQHandler                0x080001c3   Thumb Code     0  startup_stm32f4xx.o(.text)
    TIM8_CC_IRQHandler                       0x080001c3   Thumb Code     0  startup_stm32f4xx.o(.text)
    TIM8_TRG_COM_TIM14_IRQHandler            0x080001c3   Thumb Code     0  startup_stm32f4xx.o(.text)
    TIM8_UP_TIM13_IRQHandler                 0x080001c3   Thumb Code     0  startup_stm32f4xx.o(.text)
    UART4_IRQHandler                         0x080001c3   Thumb Code     0  startup_stm32f4xx.o(.text)
    UART5_IRQHandler                         0x080001c3   Thumb Code     0  startup_stm32f4xx.o(.text)
    USART1_IRQHandler                        0x080001c3   Thumb Code     0  startup_stm32f4xx.o(.text)
    USART3_IRQHandler                        0x080001c3   Thumb Code     0  startup_stm32f4xx.o(.text)
    USART6_IRQHandler                        0x080001c3   Thumb Code     0  startup_stm32f4xx.o(.text)
    WWDG_IRQHandler                          0x080001c3   Thumb Code     0  startup_stm32f4xx.o(.text)
    arm_mat_init_f32                         0x080001d1   Thumb Code     8  arm_mat_init_f32.o(.text)
    arm_mat_mult_f32                         0x080001d9   Thumb Code   240  arm_mat_mult_f32.o(.text)
    arm_max_f32                              0x080002cd   Thumb Code   208  arm_max_f32.o(.text)
    arm_mean_f32                             0x0800039d   Thumb Code   172  arm_mean_f32.o(.text)
    arm_min_f32                              0x0800044d   Thumb Code   208  arm_min_f32.o(.text)
    arm_std_f32                              0x0800051d   Thumb Code   250  arm_std_f32.o(.text)
    __aeabi_dadd                             0x0800061d   Thumb Code   322  dadd.o(.text)
    __aeabi_dsub                             0x0800075f   Thumb Code     6  dadd.o(.text)
    __aeabi_drsub                            0x08000765   Thumb Code     6  dadd.o(.text)
    __aeabi_dmul                             0x0800076b   Thumb Code   228  dmul.o(.text)
    __aeabi_ddiv                             0x0800084f   Thumb Code   222  ddiv.o(.text)
    __aeabi_d2iz                             0x0800092d   Thumb Code    62  dfixi.o(.text)
    __aeabi_f2d                              0x0800096b   Thumb Code    38  f2d.o(.text)
    __aeabi_cdrcmple                         0x08000991   Thumb Code    48  cdrcmple.o(.text)
    __aeabi_d2f                              0x080009c1   Thumb Code    56  d2f.o(.text)
    __aeabi_uidiv                            0x080009f9   Thumb Code     0  uidiv.o(.text)
    __aeabi_uidivmod                         0x080009f9   Thumb Code    44  uidiv.o(.text)
    __aeabi_uldivmod                         0x08000a25   Thumb Code    98  uldiv.o(.text)
    __aeabi_llsl                             0x08000a87   Thumb Code    30  llshl.o(.text)
    _ll_shift_l                              0x08000a87   Thumb Code     0  llshl.o(.text)
    __aeabi_llsr                             0x08000aa5   Thumb Code    32  llushr.o(.text)
    _ll_ushift_r                             0x08000aa5   Thumb Code     0  llushr.o(.text)
    __aeabi_lasr                             0x08000ac5   Thumb Code    36  llsshr.o(.text)
    _ll_sshift_r                             0x08000ac5   Thumb Code     0  llsshr.o(.text)
    __I$use$fp                               0x08000ae9   Thumb Code     0  iusefp.o(.text)
    _float_round                             0x08000ae9   Thumb Code    18  fepilogue.o(.text)
    _float_epilogue                          0x08000afb   Thumb Code    92  fepilogue.o(.text)
    _double_round                            0x08000b57   Thumb Code    30  depilogue.o(.text)
    _double_epilogue                         0x08000b75   Thumb Code   156  depilogue.o(.text)
    __ARM_scalbn                             0x08000c11   Thumb Code    46  dscalb.o(.text)
    scalbn                                   0x08000c11   Thumb Code     0  dscalb.o(.text)
    __aeabi_i2d                              0x08000c3f   Thumb Code    34  dflti.o(.text)
    __aeabi_d2ulz                            0x08000c61   Thumb Code    48  dfixul.o(.text)
    __aeabi_cdcmpeq                          0x08000c91   Thumb Code     0  cdcmple.o(.text)
    __aeabi_cdcmple                          0x08000c91   Thumb Code    48  cdcmple.o(.text)
    __scatterload                            0x08000cc1   Thumb Code    28  init.o(.text)
    __scatterload_rt2                        0x08000cc1   Thumb Code     0  init.o(.text)
    _dsqrt                                   0x08000ce5   Thumb Code   162  dsqrt.o(.text)
    __decompress                             0x08000d87   Thumb Code     0  __dczerorl2.o(.text)
    __decompress1                            0x08000d87   Thumb Code    86  __dczerorl2.o(.text)
    ADC_Cmd                                  0x08000ddd   Thumb Code    20  stm32f4xx_adc.o(i.ADC_Cmd)
    ADC_CommonInit                           0x08000df1   Thumb Code    34  stm32f4xx_adc.o(i.ADC_CommonInit)
    ADC_DMACmd                               0x08000e1d   Thumb Code    20  stm32f4xx_adc.o(i.ADC_DMACmd)
    ADC_Init                                 0x08000e31   Thumb Code    66  stm32f4xx_adc.o(i.ADC_Init)
    ADC_MultiModeDMARequestAfterLastTransferCmd 0x08000e7d   Thumb Code    26  stm32f4xx_adc.o(i.ADC_MultiModeDMARequestAfterLastTransferCmd)
    ADC_RegularChannelConfig                 0x08000e9d   Thumb Code   116  stm32f4xx_adc.o(i.ADC_RegularChannelConfig)
    ADC_SoftwareStartConv                    0x08000f11   Thumb Code    10  stm32f4xx_adc.o(i.ADC_SoftwareStartConv)
    AngleGt300                               0x08000f1d   Thumb Code    30  main.o(i.AngleGt300)
    Angle_Calculation                        0x08000f49   Thumb Code   172  main.o(i.Angle_Calculation)
    Angle_Correction                         0x08001001   Thumb Code   150  main.o(i.Angle_Correction)
    BusFault_Handler                         0x080010a5   Thumb Code     2  stm32fxxx_it.o(i.BusFault_Handler)
    CC1101_Init                              0x080010a9   Thumb Code   206  cc1101.o(i.CC1101_Init)
    CC1101_POWER_RESET                       0x08001189   Thumb Code   132  cc1101.o(i.CC1101_POWER_RESET)
    CC1101_Send_Main                         0x08001215   Thumb Code    56  cc1101.o(i.CC1101_Send_Main)
    Calculate_Average                        0x08001251   Thumb Code    38  main.o(i.Calculate_Average)
    Cross_Correlation                        0x0800127d   Thumb Code   176  main.o(i.Cross_Correlation)
    DCD_EP_ClrStall                          0x08001335   Thumb Code    56  usb_dcd.o(i.DCD_EP_ClrStall)
    DCD_EP_Open                              0x0800136d   Thumb Code    60  usb_dcd.o(i.DCD_EP_Open)
    DCD_EP_PrepareRx                         0x080013a9   Thumb Code    68  usb_dcd.o(i.DCD_EP_PrepareRx)
    DCD_EP_SetAddress                        0x080013ed   Thumb Code    16  usb_dcd.o(i.DCD_EP_SetAddress)
    DCD_EP_Stall                             0x080013fd   Thumb Code    56  usb_dcd.o(i.DCD_EP_Stall)
    DCD_EP_Tx                                0x08001435   Thumb Code    62  usb_dcd.o(i.DCD_EP_Tx)
    DMA_Cmd                                  0x080017db   Thumb Code    20  stm32f4xx_dma.o(i.DMA_Cmd)
    DMA_Init                                 0x080017f1   Thumb Code    80  stm32f4xx_dma.o(i.DMA_Init)
    DebugMon_Handler                         0x08001845   Thumb Code     2  stm32fxxx_it.o(i.DebugMon_Handler)
    Delay_1                                  0x08001847   Thumb Code    20  cc1101.o(i.Delay_1)
    Disable_ADCs                             0x0800185d   Thumb Code    10  main.o(i.Disable_ADCs)
    EXTI15_10_IRQHandler                     0x0800186d   Thumb Code    78  main.o(i.EXTI15_10_IRQHandler)
    EXTI_ClearITPendingBit                   0x080018c1   Thumb Code     6  stm32f4xx_exti.o(i.EXTI_ClearITPendingBit)
    EXTI_GetITStatus                         0x080018cd   Thumb Code    28  stm32f4xx_exti.o(i.EXTI_GetITStatus)
    Enable_ADCs                              0x080018ed   Thumb Code    10  main.o(i.Enable_ADCs)
    Find_Region                              0x080018fd   Thumb Code   216  main.o(i.Find_Region)
    GPIO_Init                                0x08001a6d   Thumb Code   162  stm32f4xx_gpio.o(i.GPIO_Init)
    GPIO_PinAFConfig                         0x08001b0f   Thumb Code    32  stm32f4xx_gpio.o(i.GPIO_PinAFConfig)
    GPIO_ReadInputDataBit                    0x08001b2f   Thumb Code    14  stm32f4xx_gpio.o(i.GPIO_ReadInputDataBit)
    GPIO_ResetBits                           0x08001b3d   Thumb Code     4  stm32f4xx_gpio.o(i.GPIO_ResetBits)
    GPIO_SetBits                             0x08001b41   Thumb Code     4  stm32f4xx_gpio.o(i.GPIO_SetBits)
    Get_Adc_Value                            0x08001b45   Thumb Code    38  main.o(i.Get_Adc_Value)
    Get_Signal                               0x08001b71   Thumb Code   296  main.o(i.Get_Signal)
    HardFault_Handler                        0x08001cc9   Thumb Code     2  stm32fxxx_it.o(i.HardFault_Handler)
    INTTIM3_Config                           0x08001ccd   Thumb Code    82  main.o(i.INTTIM3_Config)
    Init_Recv_Node                           0x08001d29   Thumb Code    36  main.o(i.Init_Recv_Node)
    Make_Transmitter                         0x08001d4d   Thumb Code    22  main.o(i.Make_Transmitter)
    MemManage_Handler                        0x08001d69   Thumb Code     2  stm32fxxx_it.o(i.MemManage_Handler)
    NMI_Handler                              0x08001d6b   Thumb Code     2  stm32fxxx_it.o(i.NMI_Handler)
    NVIC_Init                                0x08001d6d   Thumb Code    96  misc.o(i.NVIC_Init)
    Noise_Eval                               0x08001dd1   Thumb Code    46  main.o(i.Noise_Eval)
    OTG_FS_IRQHandler                        0x08001e05   Thumb Code     6  stm32fxxx_it.o(i.OTG_FS_IRQHandler)
    OTG_FS_WKUP_IRQHandler                   0x08001e11   Thumb Code    40  stm32fxxx_it.o(i.OTG_FS_WKUP_IRQHandler)
    PendSV_Handler                           0x08001e41   Thumb Code     2  stm32fxxx_it.o(i.PendSV_Handler)
    RCC_AHB1PeriphClockCmd                   0x08001e45   Thumb Code    18  stm32f4xx_rcc.o(i.RCC_AHB1PeriphClockCmd)
    RCC_APB1PeriphClockCmd                   0x08001e5d   Thumb Code    18  stm32f4xx_rcc.o(i.RCC_APB1PeriphClockCmd)
    RCC_APB2PeriphClockCmd                   0x08001e75   Thumb Code    18  stm32f4xx_rcc.o(i.RCC_APB2PeriphClockCmd)
    RCC_GetClocksFreq                        0x08001e8d   Thumb Code   132  stm32f4xx_rcc.o(i.RCC_GetClocksFreq)
    Recieve                                  0x08001f1d   Thumb Code     8  cc1101.o(i.Recieve)
    SPI_Cmd                                  0x08001f2d   Thumb Code    20  stm32f4xx_spi.o(i.SPI_Cmd)
    SPI_FLASH_SendByte                       0x08001f41   Thumb Code    80  cc1101.o(i.SPI_FLASH_SendByte)
    SPI_I2S_GetFlagStatus                    0x08001f95   Thumb Code    14  stm32f4xx_spi.o(i.SPI_I2S_GetFlagStatus)
    SPI_I2S_ReceiveData                      0x08001fa3   Thumb Code     4  stm32f4xx_spi.o(i.SPI_I2S_ReceiveData)
    SPI_I2S_SendData                         0x08001fa7   Thumb Code     4  stm32f4xx_spi.o(i.SPI_I2S_SendData)
    SPI_Init                                 0x08001fab   Thumb Code    56  stm32f4xx_spi.o(i.SPI_Init)
    STM_EVAL_LEDInit                         0x08001fe5   Thumb Code    62  stm32f4_discovery.o(i.STM_EVAL_LEDInit)
    STM_EVAL_LEDOn                           0x0800202d   Thumb Code    16  stm32f4_discovery.o(i.STM_EVAL_LEDOn)
    STM_EVAL_LEDToggle                       0x08002045   Thumb Code    20  stm32f4_discovery.o(i.STM_EVAL_LEDToggle)
    SVC_Handler                              0x08002061   Thumb Code     2  stm32fxxx_it.o(i.SVC_Handler)
    Send_Signal_To_Mat                       0x08002065   Thumb Code    74  main.o(i.Send_Signal_To_Mat)
    Set_Threshold                            0x08002175   Thumb Code    54  main.o(i.Set_Threshold)
    Source_Angle                             0x080021b1   Thumb Code    38  main.o(i.Source_Angle)
    Start_Processing                         0x080021dd   Thumb Code    90  main.o(i.Start_Processing)
    Startup_Delay                            0x08002241   Thumb Code    10  main.o(i.Startup_Delay)
    Subtract_Mean                            0x08002251   Thumb Code    74  main.o(i.Subtract_Mean)
    SysTick_Handler                          0x080022a5   Thumb Code     2  stm32fxxx_it.o(i.SysTick_Handler)
    SystemInit                               0x080022a9   Thumb Code    74  system_stm32f4xx.o(i.SystemInit)
    TIM3_IRQHandler                          0x08002305   Thumb Code    38  main.o(i.TIM3_IRQHandler)
    TIM_ClearITPendingBit                    0x08002331   Thumb Code     6  stm32f4xx_tim.o(i.TIM_ClearITPendingBit)
    TIM_Cmd                                  0x08002337   Thumb Code    20  stm32f4xx_tim.o(i.TIM_Cmd)
    TIM_GetITStatus                          0x0800234b   Thumb Code    24  stm32f4xx_tim.o(i.TIM_GetITStatus)
    TIM_ITConfig                             0x08002363   Thumb Code    16  stm32f4xx_tim.o(i.TIM_ITConfig)
    TIM_TimeBaseInit                         0x08002375   Thumb Code    96  stm32f4xx_tim.o(i.TIM_TimeBaseInit)
    USART2_IRQHandler                        0x080023f1   Thumb Code    48  usbd_cdc_vcp.o(i.USART2_IRQHandler)
    USART_Cmd                                0x08002425   Thumb Code    20  stm32f4xx_usart.o(i.USART_Cmd)
    USART_GetFlagStatus                      0x08002439   Thumb Code    14  stm32f4xx_usart.o(i.USART_GetFlagStatus)
    USART_GetITStatus                        0x08002447   Thumb Code    62  stm32f4xx_usart.o(i.USART_GetITStatus)
    USART_ITConfig                           0x08002485   Thumb Code    48  stm32f4xx_usart.o(i.USART_ITConfig)
    USART_Init                               0x080024b5   Thumb Code   164  stm32f4xx_usart.o(i.USART_Init)
    USART_ReceiveData                        0x08002561   Thumb Code     8  stm32f4xx_usart.o(i.USART_ReceiveData)
    USART_SendData                           0x08002569   Thumb Code     8  stm32f4xx_usart.o(i.USART_SendData)
    USART_puts                               0x08002571   Thumb Code    18  main.o(i.USART_puts)
    USBD_ClrCfg                              0x08002583   Thumb Code    14  usbd_core.o(i.USBD_ClrCfg)
    USBD_CtlContinueRx                       0x08002591   Thumb Code    18  usbd_ioreq.o(i.USBD_CtlContinueRx)
    USBD_CtlContinueSendData                 0x080025a3   Thumb Code    18  usbd_ioreq.o(i.USBD_CtlContinueSendData)
    USBD_CtlError                            0x080025b5   Thumb Code    28  usbd_req.o(i.USBD_CtlError)
    USBD_CtlReceiveStatus                    0x080025d1   Thumb Code    34  usbd_ioreq.o(i.USBD_CtlReceiveStatus)
    USBD_CtlSendData                         0x080025f3   Thumb Code    32  usbd_ioreq.o(i.USBD_CtlSendData)
    USBD_CtlSendStatus                       0x08002613   Thumb Code    34  usbd_ioreq.o(i.USBD_CtlSendStatus)
    USBD_OTG_ISR_Handler                     0x0800287d   Thumb Code   370  usb_dcd_int.o(i.USBD_OTG_ISR_Handler)
    USBD_ParseSetupRequest                   0x080029f5   Thumb Code    68  usbd_req.o(i.USBD_ParseSetupRequest)
    USBD_SetCfg                              0x08002a8d   Thumb Code    26  usbd_core.o(i.USBD_SetCfg)
    USBD_StdDevReq                           0x08002be1   Thumb Code   236  usbd_req.o(i.USBD_StdDevReq)
    USBD_StdEPReq                            0x08002cd1   Thumb Code   208  usbd_req.o(i.USBD_StdEPReq)
    USBD_StdItfReq                           0x08002da5   Thumb Code    54  usbd_req.o(i.USBD_StdItfReq)
    USB_OTG_BSP_uDelay                       0x08002df7   Thumb Code    22  usb_bsp.o(i.USB_OTG_BSP_uDelay)
    USB_OTG_EP0Activate                      0x08002e0d   Thumb Code    58  usb_core.o(i.USB_OTG_EP0Activate)
    USB_OTG_EP0StartXfer                     0x08002e49   Thumb Code   182  usb_core.o(i.USB_OTG_EP0StartXfer)
    USB_OTG_EP0_OutStart                     0x08002f01   Thumb Code    32  usb_core.o(i.USB_OTG_EP0_OutStart)
    USB_OTG_EPActivate                       0x08002f25   Thumb Code    82  usb_core.o(i.USB_OTG_EPActivate)
    USB_OTG_EPClearStall                     0x08002f77   Thumb Code    50  usb_core.o(i.USB_OTG_EPClearStall)
    USB_OTG_EPSetStall                       0x08002fa9   Thumb Code    48  usb_core.o(i.USB_OTG_EPSetStall)
    USB_OTG_EPStartXfer                      0x08002fd9   Thumb Code   288  usb_core.o(i.USB_OTG_EPStartXfer)
    USB_OTG_FlushTxFifo                      0x080030f9   Thumb Code    60  usb_core.o(i.USB_OTG_FlushTxFifo)
    USB_OTG_GetDeviceSpeed                   0x08003139   Thumb Code    38  usb_core.o(i.USB_OTG_GetDeviceSpeed)
    USB_OTG_IsDeviceMode                     0x0800315f   Thumb Code    18  usb_core.o(i.USB_OTG_IsDeviceMode)
    USB_OTG_ReadCoreItr                      0x08003171   Thumb Code    10  usb_core.o(i.USB_OTG_ReadCoreItr)
    USB_OTG_ReadDevAllInEPItr                0x0800317b   Thumb Code    12  usb_core.o(i.USB_OTG_ReadDevAllInEPItr)
    USB_OTG_ReadDevAllOutEp_itr              0x08003187   Thumb Code    12  usb_core.o(i.USB_OTG_ReadDevAllOutEp_itr)
    USB_OTG_ReadDevOutEP_itr                 0x08003193   Thumb Code    16  usb_core.o(i.USB_OTG_ReadDevOutEP_itr)
    USB_OTG_ReadPacket                       0x080031a3   Thumb Code    32  usb_core.o(i.USB_OTG_ReadPacket)
    USB_OTG_UngateClock                      0x080031c3   Thumb Code    30  usb_core.o(i.USB_OTG_UngateClock)
    USB_OTG_WritePacket                      0x080031e1   Thumb Code    40  usb_core.o(i.USB_OTG_WritePacket)
    UsageFault_Handler                       0x08003209   Thumb Code     2  stm32fxxx_it.o(i.UsageFault_Handler)
    __0printf                                0x08003249   Thumb Code    22  printfa.o(i.__0printf)
    __1printf                                0x08003249   Thumb Code     0  printfa.o(i.__0printf)
    __2printf                                0x08003249   Thumb Code     0  printfa.o(i.__0printf)
    __c89printf                              0x08003249   Thumb Code     0  printfa.o(i.__0printf)
    printf                                   0x08003249   Thumb Code     0  printfa.o(i.__0printf)
    __ARM_fpclassify                         0x08003269   Thumb Code    48  fpclassify.o(i.__ARM_fpclassify)
    __hardfp_acos                            0x08003299   Thumb Code   738  acos.o(i.__hardfp_acos)
    __hardfp_exp                             0x080035f1   Thumb Code   714  exp.o(i.__hardfp_exp)
    __hardfp_pow                             0x08003949   Thumb Code  3044  pow.o(i.__hardfp_pow)
    __kernel_poly                            0x08004581   Thumb Code   248  poly.o(i.__kernel_poly)
    __mathlib_dbl_divzero                    0x08004679   Thumb Code    28  dunder.o(i.__mathlib_dbl_divzero)
    __mathlib_dbl_infnan                     0x080046a9   Thumb Code    20  dunder.o(i.__mathlib_dbl_infnan)
    __mathlib_dbl_infnan2                    0x080046bd   Thumb Code    20  dunder.o(i.__mathlib_dbl_infnan2)
    __mathlib_dbl_invalid                    0x080046d1   Thumb Code    24  dunder.o(i.__mathlib_dbl_invalid)
    __mathlib_dbl_overflow                   0x080046f1   Thumb Code    24  dunder.o(i.__mathlib_dbl_overflow)
    __mathlib_dbl_underflow                  0x08004711   Thumb Code    24  dunder.o(i.__mathlib_dbl_underflow)
    __scatterload_copy                       0x08004731   Thumb Code    14  handlers.o(i.__scatterload_copy)
    __scatterload_null                       0x0800473f   Thumb Code     2  handlers.o(i.__scatterload_null)
    __scatterload_zeroinit                   0x08004741   Thumb Code    14  handlers.o(i.__scatterload_zeroinit)
    __set_errno                              0x08004751   Thumb Code     6  errno.o(i.__set_errno)
    adc_config                               0x08004ff1   Thumb Code   310  main.o(i.adc_config)
    add239                                   0x08005141   Thumb Code     6  helperfunctions.o(i.add239)
    fabs                                     0x08005147   Thumb Code    24  fabs.o(i.fabs)
    flush                                    0x08005161   Thumb Code    58  main.o(i.flush)
    fputc                                    0x080051a9   Thumb Code    22  helperfunctions.o(i.fputc)
    gaussianKernel                           0x080051c5   Thumb Code   102  helperfunctions.o(i.gaussianKernel)
    getExtiFlag                              0x08005235   Thumb Code     6  cc1101.o(i.getExtiFlag)
    halRfReceivePacket                       0x08005241   Thumb Code    88  cc1101.o(i.halRfReceivePacket)
    halRfSendPacket                          0x0800529d   Thumb Code    72  cc1101.o(i.halRfSendPacket)
    halRfWriteRfSettings                     0x080052ed   Thumb Code   358  cc1101.o(i.halRfWriteRfSettings)
    halSpiReadBurstReg                       0x08005455   Thumb Code    80  cc1101.o(i.halSpiReadBurstReg)
    halSpiReadStatus                         0x080054ad   Thumb Code    60  cc1101.o(i.halSpiReadStatus)
    halSpiStrobe                             0x080054f1   Thumb Code    76  cc1101.o(i.halSpiStrobe)
    halSpiWriteBurstReg                      0x08005545   Thumb Code   136  cc1101.o(i.halSpiWriteBurstReg)
    halSpiWriteReg                           0x080055d5   Thumb Code    92  cc1101.o(i.halSpiWriteReg)
    init_USART2                              0x08005639   Thumb Code   164  main.o(i.init_USART2)
    main                                     0x080056e5   Thumb Code   290  main.o(i.main)
    printArray                               0x08005871   Thumb Code    50  helperfunctions.o(i.printArray)
    sqrt                                     0x080058b1   Thumb Code   110  sqrt.o(i.sqrt)
    svmPredict                               0x08005921   Thumb Code   422  helperfunctions.o(i.svmPredict)
    BUTTON_PORT_SOURCE                       0x08005b64   Data           1  stm32f4_discovery.o(.constdata)
    BUTTON_PIN_SOURCE                        0x08005b65   Data           1  stm32f4_discovery.o(.constdata)
    BUTTON_IRQn                              0x08005b66   Data           1  stm32f4_discovery.o(.constdata)
    COM_TX_PIN_SOURCE                        0x08005b67   Data           1  stm32f4_discovery.o(.constdata)
    COM_RX_PIN_SOURCE                        0x08005b68   Data           1  stm32f4_discovery.o(.constdata)
    COM_TX_AF                                0x08005b69   Data           1  stm32f4_discovery.o(.constdata)
    COM_RX_AF                                0x08005b6a   Data           1  stm32f4_discovery.o(.constdata)
    BUTTON_PIN                               0x08005b6c   Data           2  stm32f4_discovery.o(.constdata)
    BUTTON_EXTI_LINE                         0x08005b6e   Data           2  stm32f4_discovery.o(.constdata)
    COM_TX_PIN                               0x08005b70   Data           2  stm32f4_discovery.o(.constdata)
    COM_RX_PIN                               0x08005b72   Data           2  stm32f4_discovery.o(.constdata)
    BUTTON_CLK                               0x08005b74   Data           4  stm32f4_discovery.o(.constdata)
    COM_USART_CLK                            0x08005b78   Data           4  stm32f4_discovery.o(.constdata)
    COM_TX_PORT_CLK                          0x08005b7c   Data           4  stm32f4_discovery.o(.constdata)
    COM_RX_PORT_CLK                          0x08005b80   Data           4  stm32f4_discovery.o(.constdata)
    GPIO_PIN                                 0x08005b84   Data           8  stm32f4_discovery.o(.constdata)
    GPIO_CLK                                 0x08005b8c   Data          16  stm32f4_discovery.o(.constdata)
    testMarks_f32                            0x08005ba0   Data         320  main.o(.constdata)
    testUnity_f32                            0x08005ce0   Data          16  main.o(.constdata)
    modelY                                   0x08005d00   Data         224  helperfunctions.o(.constdata)
    __mathlib_zero                           0x08005f10   Data           8  qnan.o(.constdata)
    Region$$Table$$Base                      0x08005f18   Number         0  anon$$obj.o(Region$$Table)
    Region$$Table$$Limit                     0x08005f38   Number         0  anon$$obj.o(Region$$Table)
    BUTTON_PORT                              0x20000000   Data           4  stm32f4_discovery.o(.data)
    COM_USART                                0x20000004   Data           4  stm32f4_discovery.o(.data)
    COM_TX_PORT                              0x20000008   Data           4  stm32f4_discovery.o(.data)
    COM_RX_PORT                              0x2000000c   Data           4  stm32f4_discovery.o(.data)
    GPIO_PORT                                0x20000010   Data          16  stm32f4_discovery.o(.data)
    GetSignal                                0x20000020   Data           1  main.o(.data)
    No_Noise_Eval                            0x20000021   Data           1  main.o(.data)
    ADC0_Out_8                               0x20000022   Data           1  main.o(.data)
    ADC1_Out_8                               0x20000023   Data           1  main.o(.data)
    ADC2_Out_8                               0x20000024   Data           1  main.o(.data)
    Angle_Negative                           0x20000025   Data           1  main.o(.data)
    Angle_FirstNum                           0x20000026   Data           1  main.o(.data)
    Angle_SecondNum                          0x20000027   Data           1  main.o(.data)
    Angle_ThirdNum                           0x20000028   Data           1  main.o(.data)
    Integer_Part1                            0x20000029   Data           1  main.o(.data)
    Integer_Part2                            0x2000002a   Data           1  main.o(.data)
    false_exti                               0x2000002b   Data           1  main.o(.data)
    index                                    0x2000002c   Data           4  main.o(.data)
    Sig_index                                0x20000030   Data           4  main.o(.data)
    Noise_Index                              0x20000034   Data           4  main.o(.data)
    Noise_0                                  0x20000038   Data           4  main.o(.data)
    Noise_1                                  0x2000003c   Data           4  main.o(.data)
    Noise_2                                  0x20000040   Data           4  main.o(.data)
    sum0                                     0x20000044   Data           4  main.o(.data)
    sum1                                     0x20000048   Data           4  main.o(.data)
    sum2                                     0x2000004c   Data           4  main.o(.data)
    Thresh_Rising_0                          0x20000050   Data           4  main.o(.data)
    Thresh_Rising_1                          0x20000054   Data           4  main.o(.data)
    Thresh_Rising_2                          0x20000058   Data           4  main.o(.data)
    Max_Index                                0x2000005c   Data           4  main.o(.data)
    Corr_Max                                 0x20000060   Data           4  main.o(.data)
    d                                        0x20000064   Data           4  main.o(.data)
    pi                                       0x20000068   Data           4  main.o(.data)
    Temp                                     0x2000006c   Data           4  main.o(.data)
    result                                   0x20000070   Data           4  main.o(.data)
    numStudents                              0x20000074   Data           4  main.o(.data)
    numSubjects                              0x20000078   Data           4  main.o(.data)
    time_var1                                0x2000007c   Data           4  main.o(.data)
    ADC0_Out                                 0x20000080   Data           4  main.o(.data)
    ADC1_Out                                 0x20000084   Data           4  main.o(.data)
    ADC2_Out                                 0x20000088   Data           4  main.o(.data)
    delay_index                              0x2000008c   Data           4  main.o(.data)
    Signal_Mean0                             0x20000090   Data           4  main.o(.data)
    Signal_Mean1                             0x20000094   Data           4  main.o(.data)
    Signal_Mean2                             0x20000098   Data           4  main.o(.data)
    arg                                      0x2000009c   Data           4  main.o(.data)
    Angle                                    0x200000a0   Data           4  main.o(.data)
    Angle12                                  0x200000a4   Data           4  main.o(.data)
    Angle23                                  0x200000a8   Data           4  main.o(.data)
    Angle31                                  0x200000ac   Data           4  main.o(.data)
    Floating_Part                            0x200000b0   Data           4  main.o(.data)
    var                                      0x200000b4   Data           4  main.o(.data)
    Edge_Angle1                              0x200000b8   Data           4  main.o(.data)
    Region_Angle2                            0x200000bc   Data           4  main.o(.data)
    Region_Angle12                           0x200000c0   Data           4  main.o(.data)
    Region_Angle23                           0x200000c4   Data           4  main.o(.data)
    Region_Angle31                           0x200000c8   Data           4  main.o(.data)
    Angle12_Invalid                          0x200000cc   Data           4  main.o(.data)
    Angle31_Invalid                          0x200000d0   Data           4  main.o(.data)
    Angle23_Invalid                          0x200000d4   Data           4  main.o(.data)
    Region                                   0x200000d8   Data           4  main.o(.data)
    Edge                                     0x200000dc   Data           4  main.o(.data)
    max_marks                                0x200000e0   Data           4  main.o(.data)
    min_marks                                0x200000e4   Data           4  main.o(.data)
    mean                                     0x200000e8   Data           4  main.o(.data)
    std                                      0x200000ec   Data           4  main.o(.data)
    student_num                              0x200000f0   Data           4  main.o(.data)
    Angle_Str                                0x200000f4   Data           6  main.o(.data)
    aADCDualConvertedValue                   0x200000fa   Data           6  main.o(.data)
    length                                   0x20000100   Data           1  cc1101.o(.data)
    RxFifoData                               0x20000101   Data           1  cc1101.o(.data)
    flag                                     0x20000102   Data           2  cc1101.o(.data)
    txBuf                                    0x20000104   Data           4  cc1101.o(.data)
    PaTabel                                  0x2000010c   Data           8  cc1101.o(.data)
    modelX                                   0x20000118   Data         448  helperfunctions.o(.data)
    modelAlphas                              0x200002d8   Data         224  helperfunctions.o(.data)
    __stdout                                 0x200003b8   Data           4  helperfunctions.o(.data)
    USBD_DCD_INT_cb                          0x200003cc   Data          44  usbd_core.o(.data)
    USBD_DCD_INT_fops                        0x200003f8   Data           4  usbd_core.o(.data)
    SET_TEST_MODE                            0x200003fc   Data           4  usbd_core.o(.data)
    USBD_ep_status                           0x20000404   Data           4  usbd_req.o(.data)
    USBD_default_cfg                         0x20000408   Data           4  usbd_req.o(.data)
    USBD_cfg_status                          0x2000040c   Data           4  usbd_req.o(.data)
    USB_Tx_State                             0x20000410   Data           1  usbd_cdc_core.o(.data)
    APP_Rx_ptr_in                            0x20000418   Data           4  usbd_cdc_core.o(.data)
    APP_Rx_ptr_out                           0x2000041c   Data           4  usbd_cdc_core.o(.data)
    APP_Rx_length                            0x20000420   Data           4  usbd_cdc_core.o(.data)
    CmdBuff                                  0x20000430   Data           8  usbd_cdc_core.o(.data)
    usbd_cdc_CfgDesc                         0x20000438   Data          67  usbd_cdc_core.o(.data)
    linecoding                               0x2000047c   Data           8  usbd_cdc_vcp.o(.data)
    TIM_TimeBaseStructure                    0x20000488   Data          12  main.o(.bss)
    TIM_TimeBaseStructure1                   0x20000494   Data          12  main.o(.bss)
    Mic0_data                                0x200004a0   Data         500  main.o(.bss)
    Mic1_data                                0x20000694   Data         500  main.o(.bss)
    Mic2_data                                0x20000888   Data         500  main.o(.bss)
    Arr                                      0x20000a7c   Data        2000  main.o(.bss)
    Corr_Result                              0x2000124c   Data        3996  main.o(.bss)
    USB_OTG_dev                              0x20002328   Data        1524  main.o(.bss)
    rxBuf                                    0x2000291c   Data           9  cc1101.o(.bss)
    USB_Rx_Buffer                            0x20002925   Data          64  usbd_cdc_core.o(.bss)
    APP_Rx_Buffer                            0x20002965   Data        2048  usbd_cdc_core.o(.bss)
    __initial_sp                             0x20003568   Data           0  startup_stm32f4xx.o(STACK)



==============================================================================

Memory Map of the image

  Image Entry point : 0x08000189

  Load Region LR_IROM1 (Base: 0x08000000, Size: 0x000063c0, Max: 0x00100000, ABSOLUTE, COMPRESSED[0x0000626c])

    Execution Region ER_IROM1 (Base: 0x08000000, Size: 0x00005f38, Max: 0x00100000, ABSOLUTE)

    Base Addr    Size         Type   Attr      Idx    E Section Name        Object

    0x08000000   0x00000188   Data   RO         4630    RESET               startup_stm32f4xx.o
    0x08000188   0x00000000   Code   RO         5501  * .ARM.Collect$$$$00000000  mc_w.l(entry.o)
    0x08000188   0x00000004   Code   RO         5818    .ARM.Collect$$$$00000001  mc_w.l(entry2.o)
    0x0800018c   0x00000004   Code   RO         5821    .ARM.Collect$$$$00000004  mc_w.l(entry5.o)
    0x08000190   0x00000000   Code   RO         5823    .ARM.Collect$$$$00000008  mc_w.l(entry7b.o)
    0x08000190   0x00000000   Code   RO         5825    .ARM.Collect$$$$0000000A  mc_w.l(entry8b.o)
    0x08000190   0x00000008   Code   RO         5826    .ARM.Collect$$$$0000000B  mc_w.l(entry9a.o)
    0x08000198   0x00000000   Code   RO         5828    .ARM.Collect$$$$0000000D  mc_w.l(entry10a.o)
    0x08000198   0x00000000   Code   RO         5830    .ARM.Collect$$$$0000000F  mc_w.l(entry11a.o)
    0x08000198   0x00000004   Code   RO         5819    .ARM.Collect$$$$00002712  mc_w.l(entry2.o)
    0x0800019c   0x00000034   Code   RO         4631    .text               startup_stm32f4xx.o
    0x080001d0   0x00000008   Code   RO         5313    .text               arm_cortexM4lf_math.lib(arm_mat_init_f32.o)
    0x080001d8   0x000000f4   Code   RO         5358    .text               arm_cortexM4lf_math.lib(arm_mat_mult_f32.o)
    0x080002cc   0x000000d0   Code   RO         5378    .text               arm_cortexM4lf_math.lib(arm_max_f32.o)
    0x0800039c   0x000000b0   Code   RO         5398    .text               arm_cortexM4lf_math.lib(arm_mean_f32.o)
    0x0800044c   0x000000d0   Code   RO         5418    .text               arm_cortexM4lf_math.lib(arm_min_f32.o)
    0x0800051c   0x00000100   Code   RO         5438    .text               arm_cortexM4lf_math.lib(arm_std_f32.o)
    0x0800061c   0x0000014e   Code   RO         5765    .text               mf_w.l(dadd.o)
    0x0800076a   0x000000e4   Code   RO         5767    .text               mf_w.l(dmul.o)
    0x0800084e   0x000000de   Code   RO         5769    .text               mf_w.l(ddiv.o)
    0x0800092c   0x0000003e   Code   RO         5773    .text               mf_w.l(dfixi.o)
    0x0800096a   0x00000026   Code   RO         5775    .text               mf_w.l(f2d.o)
    0x08000990   0x00000030   Code   RO         5777    .text               mf_w.l(cdrcmple.o)
    0x080009c0   0x00000038   Code   RO         5779    .text               mf_w.l(d2f.o)
    0x080009f8   0x0000002c   Code   RO         5832    .text               mc_w.l(uidiv.o)
    0x08000a24   0x00000062   Code   RO         5834    .text               mc_w.l(uldiv.o)
    0x08000a86   0x0000001e   Code   RO         5836    .text               mc_w.l(llshl.o)
    0x08000aa4   0x00000020   Code   RO         5838    .text               mc_w.l(llushr.o)
    0x08000ac4   0x00000024   Code   RO         5840    .text               mc_w.l(llsshr.o)
    0x08000ae8   0x00000000   Code   RO         5849    .text               mc_w.l(iusefp.o)
    0x08000ae8   0x0000006e   Code   RO         5850    .text               mf_w.l(fepilogue.o)
    0x08000b56   0x000000ba   Code   RO         5852    .text               mf_w.l(depilogue.o)
    0x08000c10   0x0000002e   Code   RO         5854    .text               mf_w.l(dscalb.o)
    0x08000c3e   0x00000022   Code   RO         5856    .text               mf_w.l(dflti.o)
    0x08000c60   0x00000030   Code   RO         5858    .text               mf_w.l(dfixul.o)
    0x08000c90   0x00000030   Code   RO         5860    .text               mf_w.l(cdcmple.o)
    0x08000cc0   0x00000024   Code   RO         5862    .text               mc_w.l(init.o)
    0x08000ce4   0x000000a2   Code   RO         5864    .text               mf_w.l(dsqrt.o)
    0x08000d86   0x00000056   Code   RO         5874    .text               mc_w.l(__dczerorl2.o)
    0x08000ddc   0x00000014   Code   RO         1204    i.ADC_Cmd           stm32f4xx_adc.o
    0x08000df0   0x0000002c   Code   RO         1205    i.ADC_CommonInit    stm32f4xx_adc.o
    0x08000e1c   0x00000014   Code   RO         1208    i.ADC_DMACmd        stm32f4xx_adc.o
    0x08000e30   0x0000004c   Code   RO         1224    i.ADC_Init          stm32f4xx_adc.o
    0x08000e7c   0x00000020   Code   RO         1228    i.ADC_MultiModeDMARequestAfterLastTransferCmd  stm32f4xx_adc.o
    0x08000e9c   0x00000074   Code   RO         1229    i.ADC_RegularChannelConfig  stm32f4xx_adc.o
    0x08000f10   0x0000000a   Code   RO         1231    i.ADC_SoftwareStartConv  stm32f4xx_adc.o
    0x08000f1a   0x00000002   PAD
    0x08000f1c   0x0000002c   Code   RO          356    i.AngleGt300        main.o
    0x08000f48   0x000000b8   Code   RO          357    i.Angle_Calculation  main.o
    0x08001000   0x000000a4   Code   RO          358    i.Angle_Correction  main.o
    0x080010a4   0x00000002   Code   RO          241    i.BusFault_Handler  stm32fxxx_it.o
    0x080010a6   0x00000002   PAD
    0x080010a8   0x000000e0   Code   RO          638    i.CC1101_Init       cc1101.o
    0x08001188   0x0000008c   Code   RO          639    i.CC1101_POWER_RESET  cc1101.o
    0x08001214   0x0000003c   Code   RO          641    i.CC1101_Send_Main  cc1101.o
    0x08001250   0x0000002c   Code   RO          359    i.Calculate_Average  main.o
    0x0800127c   0x000000b8   Code   RO          360    i.Cross_Correlation  main.o
    0x08001334   0x00000038   Code   RO         4678    i.DCD_EP_ClrStall   usb_dcd.o
    0x0800136c   0x0000003c   Code   RO         4680    i.DCD_EP_Open       usb_dcd.o
    0x080013a8   0x00000044   Code   RO         4681    i.DCD_EP_PrepareRx  usb_dcd.o
    0x080013ec   0x00000010   Code   RO         4682    i.DCD_EP_SetAddress  usb_dcd.o
    0x080013fc   0x00000038   Code   RO         4683    i.DCD_EP_Stall      usb_dcd.o
    0x08001434   0x0000003e   Code   RO         4684    i.DCD_EP_Tx         usb_dcd.o
    0x08001472   0x00000002   PAD
    0x08001474   0x000000cc   Code   RO         4767    i.DCD_HandleInEP_ISR  usb_dcd_int.o
    0x08001540   0x000000ac   Code   RO         4768    i.DCD_HandleOutEP_ISR  usb_dcd_int.o
    0x080015ec   0x0000007c   Code   RO         4769    i.DCD_HandleRxStatusQueueLevel_ISR  usb_dcd_int.o
    0x08001668   0x00000070   Code   RO         4770    i.DCD_HandleUSBSuspend_ISR  usb_dcd_int.o
    0x080016d8   0x00000084   Code   RO         4771    i.DCD_HandleUsbReset_ISR  usb_dcd_int.o
    0x0800175c   0x0000007e   Code   RO         4772    i.DCD_WriteEmptyTxFifo  usb_dcd_int.o
    0x080017da   0x00000014   Code   RO         1934    i.DMA_Cmd           stm32f4xx_dma.o
    0x080017ee   0x00000002   PAD
    0x080017f0   0x00000054   Code   RO         1946    i.DMA_Init          stm32f4xx_dma.o
    0x08001844   0x00000002   Code   RO          242    i.DebugMon_Handler  stm32fxxx_it.o
    0x08001846   0x00000014   Code   RO          642    i.Delay_1           cc1101.o
    0x0800185a   0x00000002   PAD
    0x0800185c   0x00000010   Code   RO          361    i.Disable_ADCs      main.o
    0x0800186c   0x00000054   Code   RO          362    i.EXTI15_10_IRQHandler  main.o
    0x080018c0   0x0000000c   Code   RO         2064    i.EXTI_ClearITPendingBit  stm32f4xx_exti.o
    0x080018cc   0x00000020   Code   RO         2068    i.EXTI_GetITStatus  stm32f4xx_exti.o
    0x080018ec   0x00000010   Code   RO          363    i.Enable_ADCs       main.o
    0x080018fc   0x000000fc   Code   RO          364    i.Find_Region       main.o
    0x080019f8   0x00000074   Code   RO          365    i.GPIO_Config       main.o
    0x08001a6c   0x000000a2   Code   RO         2469    i.GPIO_Init         stm32f4xx_gpio.o
    0x08001b0e   0x00000020   Code   RO         2470    i.GPIO_PinAFConfig  stm32f4xx_gpio.o
    0x08001b2e   0x0000000e   Code   RO         2473    i.GPIO_ReadInputDataBit  stm32f4xx_gpio.o
    0x08001b3c   0x00000004   Code   RO         2476    i.GPIO_ResetBits    stm32f4xx_gpio.o
    0x08001b40   0x00000004   Code   RO         2477    i.GPIO_SetBits      stm32f4xx_gpio.o
    0x08001b44   0x0000002c   Code   RO          366    i.Get_Adc_Value     main.o
    0x08001b70   0x00000158   Code   RO          367    i.Get_Signal        main.o
    0x08001cc8   0x00000002   Code   RO          243    i.HardFault_Handler  stm32fxxx_it.o
    0x08001cca   0x00000002   PAD
    0x08001ccc   0x0000005c   Code   RO          369    i.INTTIM3_Config    main.o
    0x08001d28   0x00000024   Code   RO          372    i.Init_Recv_Node    main.o
    0x08001d4c   0x0000001c   Code   RO          374    i.Make_Transmitter  main.o
    0x08001d68   0x00000002   Code   RO          244    i.MemManage_Handler  stm32fxxx_it.o
    0x08001d6a   0x00000002   Code   RO          245    i.NMI_Handler       stm32fxxx_it.o
    0x08001d6c   0x00000064   Code   RO         1076    i.NVIC_Init         misc.o
    0x08001dd0   0x00000034   Code   RO          375    i.Noise_Eval        main.o
    0x08001e04   0x0000000c   Code   RO          246    i.OTG_FS_IRQHandler  stm32fxxx_it.o
    0x08001e10   0x00000030   Code   RO          247    i.OTG_FS_WKUP_IRQHandler  stm32fxxx_it.o
    0x08001e40   0x00000002   Code   RO          248    i.PendSV_Handler    stm32fxxx_it.o
    0x08001e42   0x00000002   PAD
    0x08001e44   0x00000018   Code   RO         2705    i.RCC_AHB1PeriphClockCmd  stm32f4xx_rcc.o
    0x08001e5c   0x00000018   Code   RO         2714    i.RCC_APB1PeriphClockCmd  stm32f4xx_rcc.o
    0x08001e74   0x00000018   Code   RO         2717    i.RCC_APB2PeriphClockCmd  stm32f4xx_rcc.o
    0x08001e8c   0x00000090   Code   RO         2726    i.RCC_GetClocksFreq  stm32f4xx_rcc.o
    0x08001f1c   0x00000010   Code   RO          643    i.Recieve           cc1101.o
    0x08001f2c   0x00000014   Code   RO         3616    i.SPI_Cmd           stm32f4xx_spi.o
    0x08001f40   0x00000054   Code   RO          646    i.SPI_FLASH_SendByte  cc1101.o
    0x08001f94   0x0000000e   Code   RO         3624    i.SPI_I2S_GetFlagStatus  stm32f4xx_spi.o
    0x08001fa2   0x00000004   Code   RO         3627    i.SPI_I2S_ReceiveData  stm32f4xx_spi.o
    0x08001fa6   0x00000004   Code   RO         3628    i.SPI_I2S_SendData  stm32f4xx_spi.o
    0x08001faa   0x00000038   Code   RO         3629    i.SPI_Init          stm32f4xx_spi.o
    0x08001fe2   0x00000002   PAD
    0x08001fe4   0x00000048   Code   RO          148    i.STM_EVAL_LEDInit  stm32f4_discovery.o
    0x0800202c   0x00000018   Code   RO          150    i.STM_EVAL_LEDOn    stm32f4_discovery.o
    0x08002044   0x0000001c   Code   RO          151    i.STM_EVAL_LEDToggle  stm32f4_discovery.o
    0x08002060   0x00000002   Code   RO          249    i.SVC_Handler       stm32fxxx_it.o
    0x08002062   0x00000002   PAD
    0x08002064   0x0000005c   Code   RO          377    i.Send_Signal_To_Mat  main.o
    0x080020c0   0x000000b4   Code   RO            3    i.SetSysClock       system_stm32f4xx.o
    0x08002174   0x0000003c   Code   RO          378    i.Set_Threshold     main.o
    0x080021b0   0x0000002c   Code   RO          379    i.Source_Angle      main.o
    0x080021dc   0x00000064   Code   RO          380    i.Start_Processing  main.o
    0x08002240   0x00000010   Code   RO          381    i.Startup_Delay     main.o
    0x08002250   0x00000054   Code   RO          382    i.Subtract_Mean     main.o
    0x080022a4   0x00000002   Code   RO          250    i.SysTick_Handler   stm32fxxx_it.o
    0x080022a6   0x00000002   PAD
    0x080022a8   0x0000005c   Code   RO            5    i.SystemInit        system_stm32f4xx.o
    0x08002304   0x0000002c   Code   RO          383    i.TIM3_IRQHandler   main.o
    0x08002330   0x00000006   Code   RO         3836    i.TIM_ClearITPendingBit  stm32f4xx_tim.o
    0x08002336   0x00000014   Code   RO         3841    i.TIM_Cmd           stm32f4xx_tim.o
    0x0800234a   0x00000018   Code   RO         3862    i.TIM_GetITStatus   stm32f4xx_tim.o
    0x08002362   0x00000010   Code   RO         3866    i.TIM_ITConfig      stm32f4xx_tim.o
    0x08002372   0x00000002   PAD
    0x08002374   0x0000007c   Code   RO         3913    i.TIM_TimeBaseInit  stm32f4xx_tim.o
    0x080023f0   0x00000034   Code   RO         5252    i.USART2_IRQHandler  usbd_cdc_vcp.o
    0x08002424   0x00000014   Code   RO         4381    i.USART_Cmd         stm32f4xx_usart.o
    0x08002438   0x0000000e   Code   RO         4384    i.USART_GetFlagStatus  stm32f4xx_usart.o
    0x08002446   0x0000003e   Code   RO         4385    i.USART_GetITStatus  stm32f4xx_usart.o
    0x08002484   0x00000030   Code   RO         4387    i.USART_ITConfig    stm32f4xx_usart.o
    0x080024b4   0x000000ac   Code   RO         4388    i.USART_Init        stm32f4xx_usart.o
    0x08002560   0x00000008   Code   RO         4395    i.USART_ReceiveData  stm32f4xx_usart.o
    0x08002568   0x00000008   Code   RO         4398    i.USART_SendData    stm32f4xx_usart.o
    0x08002570   0x00000012   Code   RO          384    i.USART_puts        main.o
    0x08002582   0x0000000e   Code   RO         4821    i.USBD_ClrCfg       usbd_core.o
    0x08002590   0x00000012   Code   RO         4925    i.USBD_CtlContinueRx  usbd_ioreq.o
    0x080025a2   0x00000012   Code   RO         4926    i.USBD_CtlContinueSendData  usbd_ioreq.o
    0x080025b4   0x0000001c   Code   RO         4981    i.USBD_CtlError     usbd_req.o
    0x080025d0   0x00000022   Code   RO         4928    i.USBD_CtlReceiveStatus  usbd_ioreq.o
    0x080025f2   0x00000020   Code   RO         4929    i.USBD_CtlSendData  usbd_ioreq.o
    0x08002612   0x00000022   Code   RO         4930    i.USBD_CtlSendStatus  usbd_ioreq.o
    0x08002634   0x000000b0   Code   RO         4822    i.USBD_DataInStage  usbd_core.o
    0x080026e4   0x00000078   Code   RO         4823    i.USBD_DataOutStage  usbd_core.o
    0x0800275c   0x00000016   Code   RO         4825    i.USBD_DevConnected  usbd_core.o
    0x08002772   0x00000020   Code   RO         4826    i.USBD_DevDisconnected  usbd_core.o
    0x08002792   0x000000ce   Code   RO         4982    i.USBD_GetDescriptor  usbd_req.o
    0x08002860   0x0000000e   Code   RO         4828    i.USBD_IsoINIncomplete  usbd_core.o
    0x0800286e   0x0000000e   Code   RO         4829    i.USBD_IsoOUTIncomplete  usbd_core.o
    0x0800287c   0x00000178   Code   RO         4773    i.USBD_OTG_ISR_Handler  usb_dcd_int.o
    0x080029f4   0x00000044   Code   RO         4984    i.USBD_ParseSetupRequest  usbd_req.o
    0x08002a38   0x0000002e   Code   RO         4830    i.USBD_Reset        usbd_core.o
    0x08002a66   0x00000016   Code   RO         4831    i.USBD_Resume       usbd_core.o
    0x08002a7c   0x00000010   Code   RO         4832    i.USBD_SOF          usbd_core.o
    0x08002a8c   0x0000001a   Code   RO         4833    i.USBD_SetCfg       usbd_core.o
    0x08002aa6   0x00000002   PAD
    0x08002aa8   0x00000074   Code   RO         4985    i.USBD_SetConfig    usbd_req.o
    0x08002b1c   0x0000007c   Code   RO         4986    i.USBD_SetFeature   usbd_req.o
    0x08002b98   0x00000048   Code   RO         4834    i.USBD_SetupStage   usbd_core.o
    0x08002be0   0x000000f0   Code   RO         4987    i.USBD_StdDevReq    usbd_req.o
    0x08002cd0   0x000000d4   Code   RO         4988    i.USBD_StdEPReq     usbd_req.o
    0x08002da4   0x00000036   Code   RO         4989    i.USBD_StdItfReq    usbd_req.o
    0x08002dda   0x0000001c   Code   RO         4835    i.USBD_Suspend      usbd_core.o
    0x08002df6   0x00000016   Code   RO         4640    i.USB_OTG_BSP_uDelay  usb_bsp.o
    0x08002e0c   0x0000003a   Code   RO          856    i.USB_OTG_EP0Activate  usb_core.o
    0x08002e46   0x00000002   PAD
    0x08002e48   0x000000b6   Code   RO          857    i.USB_OTG_EP0StartXfer  usb_core.o
    0x08002efe   0x00000002   PAD
    0x08002f00   0x00000024   Code   RO          858    i.USB_OTG_EP0_OutStart  usb_core.o
    0x08002f24   0x00000052   Code   RO          859    i.USB_OTG_EPActivate  usb_core.o
    0x08002f76   0x00000032   Code   RO          860    i.USB_OTG_EPClearStall  usb_core.o
    0x08002fa8   0x00000030   Code   RO          862    i.USB_OTG_EPSetStall  usb_core.o
    0x08002fd8   0x00000120   Code   RO          863    i.USB_OTG_EPStartXfer  usb_core.o
    0x080030f8   0x00000040   Code   RO          867    i.USB_OTG_FlushTxFifo  usb_core.o
    0x08003138   0x00000026   Code   RO          868    i.USB_OTG_GetDeviceSpeed  usb_core.o
    0x0800315e   0x00000012   Code   RO          872    i.USB_OTG_IsDeviceMode  usb_core.o
    0x08003170   0x0000000a   Code   RO          874    i.USB_OTG_ReadCoreItr  usb_core.o
    0x0800317a   0x0000000c   Code   RO          875    i.USB_OTG_ReadDevAllInEPItr  usb_core.o
    0x08003186   0x0000000c   Code   RO          876    i.USB_OTG_ReadDevAllOutEp_itr  usb_core.o
    0x08003192   0x00000010   Code   RO          877    i.USB_OTG_ReadDevOutEP_itr  usb_core.o
    0x080031a2   0x00000020   Code   RO          879    i.USB_OTG_ReadPacket  usb_core.o
    0x080031c2   0x0000001e   Code   RO          884    i.USB_OTG_UngateClock  usb_core.o
    0x080031e0   0x00000028   Code   RO          885    i.USB_OTG_WritePacket  usb_core.o
    0x08003208   0x00000002   Code   RO          251    i.UsageFault_Handler  stm32fxxx_it.o
    0x0800320a   0x00000002   PAD
    0x0800320c   0x0000003c   Code   RO         5256    i.VCP_DataTx        usbd_cdc_vcp.o
    0x08003248   0x00000020   Code   RO         5737    i.__0printf         mc_w.l(printfa.o)
    0x08003268   0x00000030   Code   RO         5801    i.__ARM_fpclassify  m_wm.l(fpclassify.o)
    0x08003298   0x00000358   Code   RO         5459    i.__hardfp_acos     m_wm.l(acos.o)
    0x080035f0   0x00000358   Code   RO         5473    i.__hardfp_exp      m_wm.l(exp.o)
    0x08003948   0x00000c38   Code   RO         5487    i.__hardfp_pow      m_wm.l(pow.o)
    0x08004580   0x000000f8   Code   RO         5803    i.__kernel_poly     m_wm.l(poly.o)
    0x08004678   0x00000030   Code   RO         5781    i.__mathlib_dbl_divzero  m_wm.l(dunder.o)
    0x080046a8   0x00000014   Code   RO         5782    i.__mathlib_dbl_infnan  m_wm.l(dunder.o)
    0x080046bc   0x00000014   Code   RO         5783    i.__mathlib_dbl_infnan2  m_wm.l(dunder.o)
    0x080046d0   0x00000020   Code   RO         5784    i.__mathlib_dbl_invalid  m_wm.l(dunder.o)
    0x080046f0   0x00000020   Code   RO         5785    i.__mathlib_dbl_overflow  m_wm.l(dunder.o)
    0x08004710   0x00000020   Code   RO         5787    i.__mathlib_dbl_underflow  m_wm.l(dunder.o)
    0x08004730   0x0000000e   Code   RO         5868    i.__scatterload_copy  mc_w.l(handlers.o)
    0x0800473e   0x00000002   Code   RO         5869    i.__scatterload_null  mc_w.l(handlers.o)
    0x08004740   0x0000000e   Code   RO         5870    i.__scatterload_zeroinit  mc_w.l(handlers.o)
    0x0800474e   0x00000002   PAD
    0x08004750   0x0000000c   Code   RO         5844    i.__set_errno       mc_w.l(errno.o)
    0x0800475c   0x00000164   Code   RO         5744    i._fp_digits        mc_w.l(printfa.o)
    0x080048c0   0x000006dc   Code   RO         5745    i._printf_core      mc_w.l(printfa.o)
    0x08004f9c   0x00000024   Code   RO         5746    i._printf_post_padding  mc_w.l(printfa.o)
    0x08004fc0   0x0000002e   Code   RO         5747    i._printf_pre_padding  mc_w.l(printfa.o)
    0x08004fee   0x00000002   PAD
    0x08004ff0   0x00000150   Code   RO          385    i.adc_config        main.o
    0x08005140   0x00000006   Code   RO          785    i.add239            helperfunctions.o
    0x08005146   0x00000018   Code   RO         5797    i.fabs              m_wm.l(fabs.o)
    0x0800515e   0x00000002   PAD
    0x08005160   0x00000048   Code   RO          386    i.flush             main.o
    0x080051a8   0x0000001c   Code   RO          786    i.fputc             helperfunctions.o
    0x080051c4   0x00000070   Code   RO          787    i.gaussianKernel    helperfunctions.o
    0x08005234   0x0000000c   Code   RO          647    i.getExtiFlag       cc1101.o
    0x08005240   0x0000005c   Code   RO          649    i.halRfReceivePacket  cc1101.o
    0x0800529c   0x00000050   Code   RO          651    i.halRfSendPacket   cc1101.o
    0x080052ec   0x00000166   Code   RO          652    i.halRfWriteRfSettings  cc1101.o
    0x08005452   0x00000002   PAD
    0x08005454   0x00000058   Code   RO          653    i.halSpiReadBurstReg  cc1101.o
    0x080054ac   0x00000044   Code   RO          655    i.halSpiReadStatus  cc1101.o
    0x080054f0   0x00000054   Code   RO          656    i.halSpiStrobe      cc1101.o
    0x08005544   0x00000090   Code   RO          657    i.halSpiWriteBurstReg  cc1101.o
    0x080055d4   0x00000064   Code   RO          658    i.halSpiWriteReg    cc1101.o
    0x08005638   0x000000ac   Code   RO          387    i.init_USART2       main.o
    0x080056e4   0x0000018c   Code   RO          388    i.main              main.o
    0x08005870   0x00000040   Code   RO          788    i.printArray        helperfunctions.o
    0x080058b0   0x0000006e   Code   RO         5808    i.sqrt              m_wm.l(sqrt.o)
    0x0800591e   0x00000002   PAD
    0x08005920   0x00000244   Code   RO          791    i.svmPredict        helperfunctions.o
    0x08005b64   0x00000038   Data   RO          154    .constdata          stm32f4_discovery.o
    0x08005b9c   0x00000004   PAD
    0x08005ba0   0x00000160   Data   RO          391    .constdata          main.o
    0x08005d00   0x000000e0   Data   RO          792    .constdata          helperfunctions.o
    0x08005de0   0x00000050   Data   RO         5462    .constdata          m_wm.l(acos.o)
    0x08005e30   0x00000058   Data   RO         5476    .constdata          m_wm.l(exp.o)
    0x08005e88   0x00000088   Data   RO         5490    .constdata          m_wm.l(pow.o)
    0x08005f10   0x00000008   Data   RO         5805    .constdata          m_wm.l(qnan.o)
    0x08005f18   0x00000020   Data   RO         5866    Region$$Table       anon$$obj.o


    Execution Region RW_IRAM1 (Base: 0x20000000, Size: 0x00003568, Max: 0x00020000, ABSOLUTE, COMPRESSED[0x00000334])

    Base Addr    Size         Type   Attr      Idx    E Section Name        Object

    0x20000000   0x00000020   Data   RW          155    .data               stm32f4_discovery.o
    0x20000020   0x000000e0   Data   RW          392    .data               main.o
    0x20000100   0x00000014   Data   RW          661    .data               cc1101.o
    0x20000114   0x00000004   PAD
    0x20000118   0x000002a0   Data   RW          793    .data               helperfunctions.o
    0x200003b8   0x00000004   Data   RW          797    .data               helperfunctions.o
    0x200003bc   0x00000010   Data   RW         2750    .data               stm32f4xx_rcc.o
    0x200003cc   0x0000002c   Data   RW         4836    .data               usbd_core.o
    0x200003f8   0x00000004   Data   RW         4837    .data               usbd_core.o
    0x200003fc   0x00000004   Data   RW         4838    .data               usbd_core.o
    0x20000400   0x00000010   Data   RW         4991    .data               usbd_req.o
    0x20000410   0x0000006b   Data   RW         5193    .data               usbd_cdc_core.o
    0x2000047b   0x00000001   PAD
    0x2000047c   0x00000008   Data   RW         5260    .data               usbd_cdc_vcp.o
    0x20000484   0x00000004   Data   RW         5845    .data               mc_w.l(errno.o)
    0x20000488   0x00001ea0   Zero   RW          389    .bss                main.o
    0x20002328   0x000005f4   Zero   RW          390    .bss                main.o
    0x2000291c   0x00000009   Zero   RW          659    .bss                cc1101.o
    0x20002925   0x00000840   Zero   RW         5192    .bss                usbd_cdc_core.o
    0x20003165   0x00000003   PAD
    0x20003168   0x00000400   Zero   RW         4628    STACK               startup_stm32f4xx.o


==============================================================================

Image component sizes


      Code (inc. data)   RO Data    RW Data    ZI Data      Debug   Object Name

      1570        100          0         20          9      12872   cc1101.o
       790        188        224        676          0       6114   helperfunctions.o
      3134        418        352        224       9364      34465   main.o
       100          4          0          0          0      16428   misc.o
        52         14        392          0       1024        848   startup_stm32f4xx.o
       124         26         56         32          0       5601   stm32f4_discovery.o
       318         26          0          0          0      20128   stm32f4xx_adc.o
       104          4          0          0          0      15325   stm32f4xx_dma.o
        44         10          0          0          0       1360   stm32f4xx_exti.o
       216          0          0          0          0      10771   stm32f4xx_gpio.o
       216         30          0         16          0      18579   stm32f4xx_rcc.o
        98          0          0          0          0      12314   stm32f4xx_spi.o
       190         28          0          0          0      25133   stm32f4xx_tim.o
       332          8          0          0          0      12253   stm32f4xx_usart.o
        78         14          0          0          0      25957   stm32fxxx_it.o
       272         36          0          0          0     320173   system_stm32f4xx.o
        22          0          0          0          0        893   usb_bsp.o
      1016          8          0          0          0      12408   usb_core.o
       318          0          0          0          0       4146   usb_dcd.o
      1246         40          0          0          0       7287   usb_dcd_int.o
         0          0          0        107       2112       2832   usbd_cdc_core.o
       112         18          0          8          0       1880   usbd_cdc_vcp.o
       602          4          0         52          0       8890   usbd_core.o
       136          0          0          0          0       3352   usbd_ioreq.o
      1048         44          0         16          0       7240   usbd_req.o

    ----------------------------------------------------------------------
     12170       1020       1060       1156      12512     587249   Object Totals
         0          0         32          0          0          0   (incl. Generated)
        32          0          4          5          3          0   (incl. Padding)

    ----------------------------------------------------------------------

      Code (inc. data)   RO Data    RW Data    ZI Data      Debug   Library Member Name

         8          0          0          0          0      15179   arm_mat_init_f32.o
       244          4          0          0          0       1903   arm_mat_mult_f32.o
       208          0          0          0          0       1534   arm_max_f32.o
       176          4          0          0          0       1051   arm_mean_f32.o
       208          0          0          0          0       1534   arm_min_f32.o
       256          6          0          0          0      12774   arm_std_f32.o
       856        118         80          0          0        288   acos.o
       184         44          0          0          0        744   dunder.o
       856        142         88          0          0        288   exp.o
        24          0          0          0          0        124   fabs.o
        48          0          0          0          0        124   fpclassify.o
       248          0          0          0          0        152   poly.o
      3128        302        136          0          0        356   pow.o
         0          0          8          0          0          0   qnan.o
       110          0          0          0          0        148   sqrt.o
        86          0          0          0          0          0   __dczerorl2.o
         0          0          0          0          0          0   entry.o
         0          0          0          0          0          0   entry10a.o
         0          0          0          0          0          0   entry11a.o
         8          4          0          0          0          0   entry2.o
         4          0          0          0          0          0   entry5.o
         0          0          0          0          0          0   entry7b.o
         0          0          0          0          0          0   entry8b.o
         8          4          0          0          0          0   entry9a.o
        12          6          0          4          0         68   errno.o
        30          0          0          0          0          0   handlers.o
        36          8          0          0          0         68   init.o
         0          0          0          0          0          0   iusefp.o
        30          0          0          0          0         68   llshl.o
        36          0          0          0          0         68   llsshr.o
        32          0          0          0          0         68   llushr.o
      2226         90          0          0          0        444   printfa.o
        44          0          0          0          0         80   uidiv.o
        98          0          0          0          0         92   uldiv.o
        48          0          0          0          0         68   cdcmple.o
        48          0          0          0          0         68   cdrcmple.o
        56          0          0          0          0         88   d2f.o
       334          0          0          0          0        148   dadd.o
       222          0          0          0          0        100   ddiv.o
       186          0          0          0          0        176   depilogue.o
        62          0          0          0          0         80   dfixi.o
        48          0          0          0          0         68   dfixul.o
        34          0          0          0          0         76   dflti.o
       228          0          0          0          0         96   dmul.o
        46          0          0          0          0         80   dscalb.o
       162          0          0          0          0        100   dsqrt.o
        38          0          0          0          0         68   f2d.o
       110          0          0          0          0        168   fepilogue.o

    ----------------------------------------------------------------------
     10834        732        312          4          0      38539   Library Totals
         8          0          0          0          0          0   (incl. Padding)

    ----------------------------------------------------------------------

      Code (inc. data)   RO Data    RW Data    ZI Data      Debug   Library Name

      1100         14          0          0          0      33975   arm_cortexM4lf_math.lib
      5454        606        312          0          0       2224   m_wm.l
      2650        112          0          4          0        956   mc_w.l
      1622          0          0          0          0       1384   mf_w.l

    ----------------------------------------------------------------------
     10834        732        312          4          0      38539   Library Totals

    ----------------------------------------------------------------------

==============================================================================


      Code (inc. data)   RO Data    RW Data    ZI Data      Debug   

     23004       1752       1372       1160      12512     607976   Grand Totals
     23004       1752       1372        820      12512     607976   ELF Image Totals (compressed)
     23004       1752       1372        820          0          0   ROM Totals

==============================================================================

    Total RO  Size (Code + RO Data)                24376 (  23.80kB)
    Total RW  Size (RW Data + ZI Data)             13672 (  13.35kB)
    Total ROM Size (Code + RO Data + RW Data)      25196 (  24.61kB)

==============================================================================

