<html>
<body>
<pre>
<h1>µVision Build Log</h1>
<h2>Tool Versions:</h2>
IDE-Version: µVision V5.15
Copyright (C) 2015 ARM Ltd and ARM Germany GmbH. All rights reserved.
License Information: abubakar siddique, kics, LIC=IC9PC-7QKA7-NREXL-08JDE-6ZJPB-7FWER
 
Tool Versions:
Toolchain:       MDK-ARM Professional  Version: 5.15.0
Toolchain Path:  C:\Keil_v5\ARM\ARMCC\Bin
C Compiler:      Armcc.exe V5.05 update 2 (build 169)
Assembler:       Armasm.exe V5.05 update 2 (build 169)
Linker/Locator:  ArmLink.exe V5.05 update 2 (build 169)
Library Manager: ArmAr.exe V5.05 update 2 (build 169)
Hex Converter:   FromElf.exe V5.05 update 2 (build 169)
CPU DLL:         SARMCM3.DLL V5.15.0
Dialog DLL:      DCM.DLL V1.13.2.0
Target DLL:      STLink\ST-LINKIII-KEIL_SWO.dll V2.0.15.0_KEIL
Dialog DLL:      TCM.DLL V1.14.5.0
 
<h2>Project:</h2>
J:\AbuBakar\GitHub\One-Node\VCP_F4DISCO_Keil_release_2\VCP\MDK-ARM\STM32F4-Discovery.uvproj
Project File Date:  09/02/2015

<h2>Output:</h2>
*** Using Compiler 'V5.05 update 2 (build 169)', folder: 'C:\Keil_v5\ARM\ARMCC\Bin'
Rebuild target 'VCP'
compiling system_stm32f4xx.c...
compiling stm32f4_discovery.c...
compiling stm32fxxx_it.c...
compiling main.c...
..\main.c(164): warning:  #223-D: function "Recieve" declared implicitly
                Recieve();
..\main.c(165): warning:  #223-D: function "getExtiFlag" declared implicitly
          false_exti=getExtiFlag();
..\main.c(687): warning:  #111-D: statement is unreachable
                return 0;
..\main.c: 3 warnings, 0 errors
compiling cc1101.c...
compiling HelperFunctions.c...
compiling usb_core.c...
compiling misc.c...
compiling stm32f4xx_adc.c...
compiling stm32f4xx_can.c...
compiling stm32f4xx_crc.c...
compiling stm32f4xx_dac.c...
compiling stm32f4xx_dbgmcu.c...
compiling stm32f4xx_dcmi.c...
compiling stm32f4xx_dma.c...
compiling stm32f4xx_exti.c...
compiling stm32f4xx_flash.c...
..\..\..\Libraries\STM32F4xx_StdPeriph_Driver\src\stm32f4xx_flash.c(434): warning:  #550-D: variable "tmp_psize" was set but never used
    uint32_t tmp_psize = 0x0;
..\..\..\Libraries\STM32F4xx_StdPeriph_Driver\src\stm32f4xx_flash.c: 1 warning, 0 errors
compiling stm32f4xx_fsmc.c...
compiling stm32f4xx_gpio.c...
compiling stm32f4xx_iwdg.c...
compiling stm32f4xx_pwr.c...
compiling stm32f4xx_rcc.c...
compiling stm32f4xx_rng.c...
compiling stm32f4xx_rtc.c...
compiling stm32f4xx_sdio.c...
compiling stm32f4xx_spi.c...
compiling stm32f4xx_syscfg.c...
compiling stm32f4xx_tim.c...
compiling stm32f4xx_usart.c...
compiling stm32f4xx_wwdg.c...
assembling startup_stm32f4xx.s...
compiling usb_bsp.c...
compiling usb_dcd.c...
compiling usb_dcd_int.c...
compiling usbd_core.c...
compiling usbd_ioreq.c...
compiling usbd_req.c...
compiling usbd_usr.c...
compiling usbd_desc.c...
compiling usbd_cdc_core.c...
compiling usbd_cdc_vcp.c...
linking...
Program Size: Code=21596 RO-data=1036 RW-data=1132 ZI-data=12196  
FromELF: creating hex file...
".\VCP\VCP.axf" - 0 Error(s), 4 Warning(s).
</pre>
</body>
</html>
